Product: MDK-ARM Professional 5.10
Component: ARM Compiler 5.04 update 1 (build 49)
Tool: armlink [5040049]

==============================================================================

Section Cross References

    main.o(.text) refers to key.o(.text) for KEY_Init
    main.o(.text) refers to led.o(.text) for LED_Flash_Init
    main.o(.text) refers to pwm_out.o(.text) for TIM2_PWM_Init
    main.o(.text) refers to control.o(.text) for PID_Init
    main.o(.text) refers to tim4_sys.o(.text) for TIM4_Init
    main.o(.text) refers to ccd_init.o(.text) for CCD_init
    main.o(.text) refers to encode.o(.text) for Encode_Init
    main.o(.text) refers to main.o(.data) for key
    main.o(.text) refers to led.o(.data) for LED_State
    stm32f4xx_it.o(.text) refers to led.o(.text) for TIM3_IRQ
    led.o(.text) refers to stm32f4xx_rcc.o(.text) for RCC_APB1PeriphClockCmd
    led.o(.text) refers to stm32f4xx_tim.o(.text) for TIM_TimeBaseInit
    led.o(.text) refers to misc.o(.text) for NVIC_Init
    led.o(.text) refers to stm32f4xx_gpio.o(.text) for GPIO_Init
    led.o(.text) refers to delay.o(.text) for delay_ms
    led.o(.text) refers to led.o(.data) for LED_State
    key.o(.text) refers to stm32f4xx_rcc.o(.text) for RCC_AHB1PeriphClockCmd
    key.o(.text) refers to stm32f4xx_gpio.o(.text) for GPIO_Init
    key.o(.text) refers to delay.o(.text) for delay_ms
    usart.o(.text) refers to stm32f4xx_rcc.o(.text) for RCC_AHB1PeriphClockCmd
    usart.o(.text) refers to stm32f4xx_gpio.o(.text) for GPIO_PinAFConfig
    usart.o(.text) refers to stm32f4xx_usart.o(.text) for USART_Init
    usart.o(.text) refers to misc.o(.text) for NVIC_Init
    usart.o(.text) refers to led.o(.data) for LED_State
    lcd_9341.o(.text) refers to delay.o(.text) for delay_us
    lcd_9341.o(.text) refers to lcd_9341.o(.bss) for lcddev
    lcd_9341.o(.text) refers to lcd_9341.o(.data) for POINT_COLOR
    lcd_9341.o(.text) refers to stm32f4xx_rcc.o(.text) for RCC_AHB1PeriphClockCmd
    lcd_9341.o(.text) refers to stm32f4xx_gpio.o(.text) for GPIO_Init
    lcd_9341.o(.text) refers to stm32f4xx_fsmc.o(.text) for FSMC_NORSRAMInit
    lcd_9341.o(.text) refers to printf5.o(i.__0printf$5) for __2printf
    lcd_9341.o(.text) refers to lcd_9341.o(.constdata) for asc2_1206
    tim4_sys.o(.text) refers to stm32f4xx_rcc.o(.text) for RCC_APB1PeriphClockCmd
    tim4_sys.o(.text) refers to stm32f4xx_tim.o(.text) for TIM_TimeBaseInit
    tim4_sys.o(.text) refers to misc.o(.text) for NVIC_Init
    tim4_sys.o(.text) refers to control.o(.text) for Control_Task_1
    tim4_sys.o(.text) refers to ccd_init.o(.text) for CCD_reader
    tim4_sys.o(.text) refers to main.o(.data) for task
    tim4_sys.o(.text) refers to ccd_init.o(.data) for i_middle
    tim4_sys.o(.text) refers to tim4_sys.o(.data) for TIM4_Cnt
    tim4_sys.o(.text) refers to encode.o(.data) for En1_Count
    tim4_sys.o(.text) refers to ccd_init.o(.bss) for data
    ccd_init.o(.text) refers to stm32f4xx_rcc.o(.text) for RCC_AHB1PeriphClockCmd
    ccd_init.o(.text) refers to stm32f4xx_gpio.o(.text) for GPIO_Init
    ccd_init.o(.text) refers to stm32f4xx_adc.o(.text) for ADC_CommonInit
    ccd_init.o(.text) refers to delay.o(.text) for delay_us
    ccd_init.o(.text) refers to lcd_9341.o(.text) for LCD_DrawLine
    ccd_init.o(.text) refers to ccd_init.o(.bss) for data_last
    ccd_init.o(.text) refers to lcd_9341.o(.data) for POINT_COLOR
    ccd_init.o(.text) refers to ccd_init.o(.data) for i_middle
    pwm_out.o(.text) refers to stm32f4xx_rcc.o(.text) for RCC_APB1PeriphClockCmd
    pwm_out.o(.text) refers to stm32f4xx_gpio.o(.text) for GPIO_PinAFConfig
    pwm_out.o(.text) refers to stm32f4xx_tim.o(.text) for TIM_TimeBaseInit
    control.o(.text) refers to pwm_out.o(.text) for motor_flash
    control.o(.text) refers to control.o(.bss) for PID_CCD
    control.o(.text) refers to control.o(.data) for CCD_Error
    control.o(.text) refers to tim4_sys.o(.data) for En1_Count_Speed
    touch.o(.text) refers to delay.o(.text) for delay_us
    touch.o(.text) refers to lcd_9341.o(.text) for LCD_DrawLine
    touch.o(.text) refers to touch.o(.data) for CMD_RDX
    touch.o(.text) refers to lcd_9341.o(.data) for POINT_COLOR
    touch.o(.text) refers to lcd_9341.o(.bss) for lcddev
    touch.o(.text) refers to dfltui.o(.text) for __aeabi_ui2d
    touch.o(.text) refers to sqrt.o(i.__hardfp_sqrt) for __hardfp_sqrt
    touch.o(.text) refers to dfixui.o(.text) for __aeabi_d2uiz
    touch.o(.text) refers to f2d.o(.text) for __aeabi_f2d
    touch.o(.text) refers to cdcmple.o(.text) for __aeabi_cdcmple
    touch.o(.text) refers to cdrcmple.o(.text) for __aeabi_cdrcmple
    touch.o(.text) refers to dmul.o(.text) for __aeabi_dmul
    touch.o(.text) refers to touch.o(.constdata) for TP_REMIND_MSG_TBL
    touch.o(.text) refers to stm32f4xx_rcc.o(.text) for RCC_AHB1PeriphClockCmd
    touch.o(.text) refers to stm32f4xx_gpio.o(.text) for GPIO_Init
[...]
    printf6.o(i.__0printf$6) refers to usart.o(.text) for fputc
    printf6.o(i.__0printf$6) refers to usart.o(.data) for __stdout
    printf6.o(i.__0snprintf$6) refers to printf6.o(i._printf_core) for _printf_core
    printf6.o(i.__0snprintf$6) refers to printf6.o(i._snputc) for _snputc
    printf6.o(i.__0sprintf$6) refers to printf6.o(i._printf_core) for _printf_core
    printf6.o(i.__0sprintf$6) refers to printf6.o(i._sputc) for _sputc
    printf6.o(i.__0vfprintf$6) refers to printf6.o(i._printf_core) for _printf_core
    printf6.o(i.__0vfprintf$6) refers to usart.o(.text) for fputc
    printf6.o(i.__0vprintf$6) refers to printf6.o(i._printf_core) for _printf_core
    printf6.o(i.__0vprintf$6) refers to usart.o(.text) for fputc
    printf6.o(i.__0vprintf$6) refers to usart.o(.data) for __stdout
    printf6.o(i.__0vsnprintf$6) refers to printf6.o(i._printf_core) for _printf_core
    printf6.o(i.__0vsnprintf$6) refers to printf6.o(i._snputc) for _snputc
    printf6.o(i.__0vsprintf$6) refers to printf6.o(i._printf_core) for _printf_core
    printf6.o(i.__0vsprintf$6) refers to printf6.o(i._sputc) for _sputc
    printf6.o(i._printf_core) refers to printf6.o(i._printf_pre_padding) for _printf_pre_padding
    printf6.o(i._printf_core) refers to uidiv.o(.text) for __aeabi_uidivmod
    printf6.o(i._printf_core) refers to printf6.o(i._printf_post_padding) for _printf_post_padding
    printf7.o(i.__0fprintf$7) refers to printf7.o(i._printf_core) for _printf_core
    printf7.o(i.__0fprintf$7) refers to usart.o(.text) for fputc
    printf7.o(i.__0printf$7) refers to printf7.o(i._printf_core) for _printf_core
    printf7.o(i.__0printf$7) refers to usart.o(.text) for fputc
    printf7.o(i.__0printf$7) refers to usart.o(.data) for __stdout
    printf7.o(i.__0snprintf$7) refers to printf7.o(i._printf_core) for _printf_core
    printf7.o(i.__0snprintf$7) refers to printf7.o(i._snputc) for _snputc
    printf7.o(i.__0sprintf$7) refers to printf7.o(i._printf_core) for _printf_core
    printf7.o(i.__0sprintf$7) refers to printf7.o(i._sputc) for _sputc
    printf7.o(i.__0vfprintf$7) refers to printf7.o(i._printf_core) for _printf_core
    printf7.o(i.__0vfprintf$7) refers to usart.o(.text) for fputc
    printf7.o(i.__0vprintf$7) refers to printf7.o(i._printf_core) for _printf_core
    printf7.o(i.__0vprintf$7) refers to usart.o(.text) for fputc
    printf7.o(i.__0vprintf$7) refers to usart.o(.data) for __stdout
    printf7.o(i.__0vsnprintf$7) refers to printf7.o(i._printf_core) for _printf_core
    printf7.o(i.__0vsnprintf$7) refers to printf7.o(i._snputc) for _snputc
    printf7.o(i.__0vsprintf$7) refers to printf7.o(i._printf_core) for _printf_core
    printf7.o(i.__0vsprintf$7) refers to printf7.o(i._sputc) for _sputc
    printf7.o(i._printf_core) refers to printf7.o(i._printf_pre_padding) for _printf_pre_padding
    printf7.o(i._printf_core) refers to uldiv.o(.text) for __aeabi_uldivmod
    printf7.o(i._printf_core) refers to printf7.o(i._printf_post_padding) for _printf_post_padding
    printf8.o(i.__0fprintf$8) refers to printf8.o(i._printf_core) for _printf_core
    printf8.o(i.__0fprintf$8) refers to usart.o(.text) for fputc
    printf8.o(i.__0printf$8) refers to printf8.o(i._printf_core) for _printf_core
    printf8.o(i.__0printf$8) refers to usart.o(.text) for fputc
    printf8.o(i.__0printf$8) refers to usart.o(.data) for __stdout
    printf8.o(i.__0snprintf$8) refers to printf8.o(i._printf_core) for _printf_core
    printf8.o(i.__0snprintf$8) refers to printf8.o(i._snputc) for _snputc
    printf8.o(i.__0sprintf$8) refers to printf8.o(i._printf_core) for _printf_core
    printf8.o(i.__0sprintf$8) refers to printf8.o(i._sputc) for _sputc
    printf8.o(i.__0vfprintf$8) refers to printf8.o(i._printf_core) for _printf_core
    printf8.o(i.__0vfprintf$8) refers to usart.o(.text) for fputc
    printf8.o(i.__0vprintf$8) refers to printf8.o(i._printf_core) for _printf_core
    printf8.o(i.__0vprintf$8) refers to usart.o(.text) for fputc
    printf8.o(i.__0vprintf$8) refers to usart.o(.data) for __stdout
    printf8.o(i.__0vsnprintf$8) refers to printf8.o(i._printf_core) for _printf_core
    printf8.o(i.__0vsnprintf$8) refers to printf8.o(i._snputc) for _snputc
    printf8.o(i.__0vsprintf$8) refers to printf8.o(i._printf_core) for _printf_core
    printf8.o(i.__0vsprintf$8) refers to printf8.o(i._sputc) for _sputc
    printf8.o(i._printf_core) refers to printf8.o(i._printf_pre_padding) for _printf_pre_padding
    printf8.o(i._printf_core) refers to uldiv.o(.text) for __aeabi_uldivmod
    printf8.o(i._printf_core) refers to printf8.o(i._printf_post_padding) for _printf_post_padding
    printfa.o(i.__0fprintf) refers (Special) to iusefp.o(.text) for __I$use$fp
    printfa.o(i.__0fprintf) refers to printfa.o(i._printf_core) for _printf_core
    printfa.o(i.__0fprintf) refers to usart.o(.text) for fputc
    printfa.o(i.__0printf) refers (Special) to iusefp.o(.text) for __I$use$fp
    printfa.o(i.__0printf) refers to printfa.o(i._printf_core) for _printf_core
    printfa.o(i.__0printf) refers to usart.o(.text) for fputc
    printfa.o(i.__0printf) refers to usart.o(.data) for __stdout
    printfa.o(i.__0snprintf) refers (Special) to iusefp.o(.text) for __I$use$fp
    printfa.o(i.__0snprintf) refers to printfa.o(i._printf_core) for _printf_core
    printfa.o(i.__0snprintf) refers to printfa.o(i._snputc) for _snputc
    printfa.o(i.__0sprintf) refers (Special) to iusefp.o(.text) for __I$use$fp
    printfa.o(i.__0sprintf) refers to printfa.o(i._printf_core) for _printf_core
    printfa.o(i.__0sprintf) refers to printfa.o(i._sputc) for _sputc
    printfa.o(i.__0vfprintf) refers (Special) to iusefp.o(.text) for __I$use$fp
    printfa.o(i.__0vfprintf) refers to printfa.o(i._printf_core) for _printf_core
    printfa.o(i.__0vfprintf) refers to usart.o(.text) for fputc
    printfa.o(i.__0vprintf) refers (Special) to iusefp.o(.text) for __I$use$fp
    printfa.o(i.__0vprintf) refers to printfa.o(i._printf_core) for _printf_core
    printfa.o(i.__0vprintf) refers to usart.o(.text) for fputc
    printfa.o(i.__0vprintf) refers to usart.o(.data) for __stdout
    printfa.o(i.__0vsnprintf) refers (Special) to iusefp.o(.text) for __I$use$fp
    printfa.o(i.__0vsnprintf) refers to printfa.o(i._printf_core) for _printf_core
    printfa.o(i.__0vsnprintf) refers to printfa.o(i._snputc) for _snputc
    printfa.o(i.__0vsprintf) refers (Special) to iusefp.o(.text) for __I$use$fp
    printfa.o(i.__0vsprintf) refers to printfa.o(i._printf_core) for _printf_core
    printfa.o(i.__0vsprintf) refers to printfa.o(i._sputc) for _sputc
    printfa.o(i._fp_digits) refers (Special) to iusefp.o(.text) for __I$use$fp
    printfa.o(i._fp_digits) refers to dmul.o(.text) for __aeabi_dmul
    printfa.o(i._fp_digits) refers to ddiv.o(.text) for __aeabi_ddiv
    printfa.o(i._fp_digits) refers to cdrcmple.o(.text) for __aeabi_cdrcmple
    printfa.o(i._fp_digits) refers to dadd.o(.text) for __aeabi_dadd
    printfa.o(i._fp_digits) refers to dfixul.o(.text) for __aeabi_d2ulz
    printfa.o(i._fp_digits) refers to uldiv.o(.text) for __aeabi_uldivmod
    printfa.o(i._printf_core) refers (Special) to iusefp.o(.text) for __I$use$fp
    printfa.o(i._printf_core) refers to printfa.o(i._printf_pre_padding) for _printf_pre_padding
    printfa.o(i._printf_core) refers to uldiv.o(.text) for __aeabi_uldivmod
    printfa.o(i._printf_core) refers to printfa.o(i._printf_post_padding) for _printf_post_padding
    printfa.o(i._printf_core) refers to printfa.o(i._fp_digits) for _fp_digits
    printfa.o(i._printf_core) refers to uidiv.o(.text) for __aeabi_uidivmod
    printfa.o(i._printf_post_padding) refers (Special) to iusefp.o(.text) for __I$use$fp
    printfa.o(i._printf_pre_padding) refers (Special) to iusefp.o(.text) for __I$use$fp
    printfa.o(i._snputc) refers (Special) to iusefp.o(.text) for __I$use$fp
    printfa.o(i._sputc) refers (Special) to iusefp.o(.text) for __I$use$fp
    dmul.o(.text) refers (Special) to iusefp.o(.text) for __I$use$fp
    dmul.o(.text) refers to depilogue.o(.text) for _double_epilogue
    dfltui.o(.text) refers (Special) to iusefp.o(.text) for __I$use$fp
    dfltui.o(.text) refers to depilogue.o(.text) for _double_epilogue
    dfixui.o(.text) refers (Special) to iusefp.o(.text) for __I$use$fp
    dfixui.o(.text) refers to llushr.o(.text) for __aeabi_llsr
    f2d.o(.text) refers (Special) to iusefp.o(.text) for __I$use$fp
    cdcmple.o(.text) refers (Special) to iusefp.o(.text) for __I$use$fp
    cdrcmple.o(.text) refers (Special) to iusefp.o(.text) for __I$use$fp
    entry2.o(.ARM.Collect$$$$00000001) refers to entry2.o(.ARM.Collect$$$$00002712) for __lit__00000000
    entry2.o(.ARM.Collect$$$$00002712) refers to startup_stm32f4xx.o(STACK) for __initial_sp
    entry2.o(__vectab_stack_and_reset_area) refers to startup_stm32f4xx.o(STACK) for __initial_sp
    entry2.o(__vectab_stack_and_reset_area) refers to entry.o(.ARM.Collect$$$$00000000) for __main
    entry5.o(.ARM.Collect$$$$00000004) refers to init.o(.text) for __scatterload
    entry9a.o(.ARM.Collect$$$$0000000B) refers to main.o(.text) for main
    entry9b.o(.ARM.Collect$$$$0000000C) refers to main.o(.text) for main
    uldiv.o(.text) refers to llushr.o(.text) for __aeabi_llsr
    uldiv.o(.text) refers to llshl.o(.text) for __aeabi_llsl
    errno.o(i.__aeabi_errno_addr) refers to errno.o(.data) for .data
    errno.o(i.__read_errno) refers to errno.o(.data) for .data
    errno.o(i.__set_errno) refers to errno.o(.data) for .data
    depilogue.o(.text) refers to llshl.o(.text) for __aeabi_llsl
    depilogue.o(.text) refers to llushr.o(.text) for __aeabi_llsr
    dadd.o(.text) refers to llshl.o(.text) for __aeabi_llsl
    dadd.o(.text) refers to llsshr.o(.text) for __aeabi_lasr
    dadd.o(.text) refers to depilogue.o(.text) for _double_epilogue
    ddiv.o(.text) refers to depilogue.o(.text) for _double_round
    dsqrt.o(.text) refers to llushr.o(.text) for __aeabi_llsr
    dsqrt.o(.text) refers to depilogue.o(.text) for _double_round
    dfixul.o(.text) refers to llushr.o(.text) for __aeabi_llsr
    dfixul.o(.text) refers to llshl.o(.text) for __aeabi_llsl
    init.o(.text) refers to entry5.o(.ARM.Collect$$$$00000004) for __main_after_scatterload


==============================================================================

Removing Unused input sections from the image.

    Removing main.o(.rev16_text), (4 bytes).
    Removing main.o(.revsh_text), (4 bytes).
    Removing stm32f4xx_it.o(.rev16_text), (4 bytes).
    Removing stm32f4xx_it.o(.revsh_text), (4 bytes).
    Removing delay.o(.rev16_text), (4 bytes).
    Removing delay.o(.revsh_text), (4 bytes).
    Removing led.o(.rev16_text), (4 bytes).
    Removing led.o(.revsh_text), (4 bytes).
    Removing key.o(.rev16_text), (4 bytes).
    Removing key.o(.revsh_text), (4 bytes).
    Removing usart.o(.rev16_text), (4 bytes).
    Removing usart.o(.revsh_text), (4 bytes).
    Removing lcd_9341.o(.rev16_text), (4 bytes).
    Removing lcd_9341.o(.revsh_text), (4 bytes).
    Removing tim4_sys.o(.rev16_text), (4 bytes).
    Removing tim4_sys.o(.revsh_text), (4 bytes).
    Removing ccd_init.o(.rev16_text), (4 bytes).
    Removing ccd_init.o(.revsh_text), (4 bytes).
    Removing pwm_out.o(.rev16_text), (4 bytes).
    Removing pwm_out.o(.revsh_text), (4 bytes).
    Removing control.o(.rev16_text), (4 bytes).
    Removing control.o(.revsh_text), (4 bytes).
    Removing touch.o(.rev16_text), (4 bytes).
    Removing touch.o(.revsh_text), (4 bytes).
    Removing touch.o(.text), (4120 bytes).
    Removing touch.o(.constdata), (4 bytes).
    Removing touch.o(.conststring), (121 bytes).
    Removing touch.o(.data), (54 bytes).
    Removing encode.o(.rev16_text), (4 bytes).
    Removing encode.o(.revsh_text), (4 bytes).
    Removing misc.o(.rev16_text), (4 bytes).
    Removing misc.o(.revsh_text), (4 bytes).
    Removing stm32f4xx_gpio.o(.rev16_text), (4 bytes).
    Removing stm32f4xx_gpio.o(.revsh_text), (4 bytes).
    Removing stm32f4xx_rcc.o(.rev16_text), (4 bytes).
    Removing stm32f4xx_rcc.o(.revsh_text), (4 bytes).
    Removing stm32f4xx_tim.o(.rev16_text), (4 bytes).
    Removing stm32f4xx_tim.o(.revsh_text), (4 bytes).
    Removing stm32f4xx_usart.o(.rev16_text), (4 bytes).
    Removing stm32f4xx_usart.o(.revsh_text), (4 bytes).
    Removing system_stm32f4xx.o(.rev16_text), (4 bytes).
    Removing system_stm32f4xx.o(.revsh_text), (4 bytes).
    Removing startup_stm32f4xx.o(HEAP), (512 bytes).
    Removing stm32f4xx_fsmc.o(.rev16_text), (4 bytes).
    Removing stm32f4xx_fsmc.o(.revsh_text), (4 bytes).
    Removing stm32f4xx_syscfg.o(.rev16_text), (4 bytes).
    Removing stm32f4xx_syscfg.o(.revsh_text), (4 bytes).
    Removing stm32f4xx_adc.o(.rev16_text), (4 bytes).
    Removing stm32f4xx_adc.o(.revsh_text), (4 bytes).
    Removing stm32f4xx_exti.o(.rev16_text), (4 bytes).
    Removing stm32f4xx_exti.o(.revsh_text), (4 bytes).
    Removing dmul.o(.text), (228 bytes).
    Removing dfltui.o(.text), (26 bytes).
    Removing dfixui.o(.text), (50 bytes).
    Removing f2d.o(.text), (38 bytes).
    Removing cdcmple.o(.text), (40 bytes).
    Removing cdrcmple.o(.text), (40 bytes).
    Removing depilogue.o(.text), (182 bytes).
    Removing dadd.o(.text), (334 bytes).
    Removing ddiv.o(.text), (222 bytes).
    Removing dsqrt.o(.text), (162 bytes).
    Removing dfixul.o(.text), (48 bytes).

62 unused section(s) (total 6365 bytes) removed from the image.

==============================================================================

Image Symbol Table

    Local Symbols

    Symbol Name                              Value     Ov Type        Size  Object(Section)

    ../clib/microlib/division.c              0x00000000   Number         0  uldiv.o ABSOLUTE
    ../clib/microlib/division.c              0x00000000   Number         0  uidiv.o ABSOLUTE
    ../clib/microlib/errno.c                 0x00000000   Number         0  errno.o ABSOLUTE
    ../clib/microlib/init/entry.s            0x00000000   Number         0  entry7a.o ABSOLUTE
    ../clib/microlib/init/entry.s            0x00000000   Number         0  entry5.o ABSOLUTE
    ../clib/microlib/init/entry.s            0x00000000   Number         0  entry.o ABSOLUTE
    ../clib/microlib/init/entry.s            0x00000000   Number         0  entry2.o ABSOLUTE
    ../clib/microlib/init/entry.s            0x00000000   Number         0  entry11b.o ABSOLUTE
    ../clib/microlib/init/entry.s            0x00000000   Number         0  entry11a.o ABSOLUTE
    ../clib/microlib/init/entry.s            0x00000000   Number         0  entry10b.o ABSOLUTE
    ../clib/microlib/init/entry.s            0x00000000   Number         0  entry10a.o ABSOLUTE
    ../clib/microlib/init/entry.s            0x00000000   Number         0  entry9b.o ABSOLUTE
    ../clib/microlib/init/entry.s            0x00000000   Number         0  entry9a.o ABSOLUTE
    ../clib/microlib/init/entry.s            0x00000000   Number         0  entry8b.o ABSOLUTE
    ../clib/microlib/init/entry.s            0x00000000   Number         0  entry8a.o ABSOLUTE
    ../clib/microlib/init/entry.s            0x00000000   Number         0  entry7b.o ABSOLUTE
    ../clib/microlib/longlong.c              0x00000000   Number         0  llushr.o ABSOLUTE
    ../clib/microlib/longlong.c              0x00000000   Number         0  llsshr.o ABSOLUTE
    ../clib/microlib/longlong.c              0x00000000   Number         0  llshl.o ABSOLUTE
    ../clib/microlib/printf/printf.c         0x00000000   Number         0  printfb.o ABSOLUTE
    ../clib/microlib/printf/printf.c         0x00000000   Number         0  printf0.o ABSOLUTE
    ../clib/microlib/printf/printf.c         0x00000000   Number         0  printf1.o ABSOLUTE
    ../clib/microlib/printf/printf.c         0x00000000   Number         0  printf2.o ABSOLUTE
    ../clib/microlib/printf/printf.c         0x00000000   Number         0  printf3.o ABSOLUTE
    ../clib/microlib/printf/printf.c         0x00000000   Number         0  printf4.o ABSOLUTE
    ../clib/microlib/printf/printf.c         0x00000000   Number         0  printf5.o ABSOLUTE
    ../clib/microlib/printf/printf.c         0x00000000   Number         0  printf6.o ABSOLUTE
    ../clib/microlib/printf/printf.c         0x00000000   Number         0  printf7.o ABSOLUTE
    ../clib/microlib/printf/printf.c         0x00000000   Number         0  printf8.o ABSOLUTE
    ../clib/microlib/printf/printf.c         0x00000000   Number         0  printfa.o ABSOLUTE
    ../clib/microlib/printf/stubs.s          0x00000000   Number         0  stubs.o ABSOLUTE
    ../clib/microlib/stubs.s                 0x00000000   Number         0  iusefp.o ABSOLUTE
    ../clib/microlib/stubs.s                 0x00000000   Number         0  useno.o ABSOLUTE
    ../fplib/microlib/f2d.c                  0x00000000   Number         0  f2d.o ABSOLUTE
    ../fplib/microlib/fpadd.c                0x00000000   Number         0  dadd.o ABSOLUTE
    ../fplib/microlib/fpdiv.c                0x00000000   Number         0  ddiv.o ABSOLUTE
    ../fplib/microlib/fpepilogue.c           0x00000000   Number         0  depilogue.o ABSOLUTE
    ../fplib/microlib/fpfix.c                0x00000000   Number         0  dfixul.o ABSOLUTE
    ../fplib/microlib/fpfix.c                0x00000000   Number         0  dfixui.o ABSOLUTE
    ../fplib/microlib/fpflt.c                0x00000000   Number         0  dfltui.o ABSOLUTE
    ../fplib/microlib/fpmul.c                0x00000000   Number         0  dmul.o ABSOLUTE
    ../fplib/microlib/fpsqrt.c               0x00000000   Number         0  dsqrt.o ABSOLUTE
    ../mathlib/sqrt.c                        0x00000000   Number         0  sqrt.o ABSOLUTE
    ../mathlib/sqrt.c                        0x00000000   Number         0  sqrt_x.o ABSOLUTE
    ..\Hardware\CCD_Init.c                   0x00000000   Number         0  ccd_init.o ABSOLUTE
    ..\Hardware\Control.c                    0x00000000   Number         0  control.o ABSOLUTE
    ..\Hardware\Encode.c                     0x00000000   Number         0  encode.o ABSOLUTE
    ..\Hardware\Key.c                        0x00000000   Number         0  key.o ABSOLUTE
    ..\Hardware\Lcd_9341.c                   0x00000000   Number         0  lcd_9341.o ABSOLUTE
    ..\Hardware\Tim4_Sys.c                   0x00000000   Number         0  tim4_sys.o ABSOLUTE
    ..\Hardware\Touch.c                      0x00000000   Number         0  touch.o ABSOLUTE
    ..\Hardware\led.c                        0x00000000   Number         0  led.o ABSOLUTE
    ..\Hardware\pwm_out.c                    0x00000000   Number         0  pwm_out.o ABSOLUTE
    ..\Hardware\usart.c                      0x00000000   Number         0  usart.o ABSOLUTE
    ..\Libraries\misc.c                      0x00000000   Number         0  misc.o ABSOLUTE
    ..\Libraries\startup_stm32f4xx.s         0x00000000   Number         0  startup_stm32f4xx.o ABSOLUTE
    ..\Libraries\stm32f4xx_adc.c             0x00000000   Number         0  stm32f4xx_adc.o ABSOLUTE
    ..\Libraries\stm32f4xx_exti.c            0x00000000   Number         0  stm32f4xx_exti.o ABSOLUTE
    ..\Libraries\stm32f4xx_fsmc.c            0x00000000   Number         0  stm32f4xx_fsmc.o ABSOLUTE
    ..\Libraries\stm32f4xx_gpio.c            0x00000000   Number         0  stm32f4xx_gpio.o ABSOLUTE
    ..\Libraries\stm32f4xx_rcc.c             0x00000000   Number         0  stm32f4xx_rcc.o ABSOLUTE
    ..\Libraries\stm32f4xx_syscfg.c          0x00000000   Number         0  stm32f4xx_syscfg.o ABSOLUTE
    ..\Libraries\stm32f4xx_tim.c             0x00000000   Number         0  stm32f4xx_tim.o ABSOLUTE
    ..\Libraries\stm32f4xx_usart.c           0x00000000   Number         0  stm32f4xx_usart.o ABSOLUTE
    ..\Libraries\system_stm32f4xx.c          0x00000000   Number         0  system_stm32f4xx.o ABSOLUTE
    ..\User\delay.c                          0x00000000   Number         0  delay.o ABSOLUTE
    ..\User\main.c                           0x00000000   Number         0  main.o ABSOLUTE
    ..\User\stm32f4xx_it.c                   0x00000000   Number         0  stm32f4xx_it.o ABSOLUTE
    ..\\Hardware\\CCD_Init.c                 0x00000000   Number         0  ccd_init.o ABSOLUTE
    ..\\Hardware\\Control.c                  0x00000000   Number         0  control.o ABSOLUTE
    ..\\Hardware\\Encode.c                   0x00000000   Number         0  encode.o ABSOLUTE
    ..\\Hardware\\Key.c                      0x00000000   Number         0  key.o ABSOLUTE
    ..\\Hardware\\Lcd_9341.c                 0x00000000   Number         0  lcd_9341.o ABSOLUTE
    ..\\Hardware\\Tim4_Sys.c                 0x00000000   Number         0  tim4_sys.o ABSOLUTE
    ..\\Hardware\\Touch.c                    0x00000000   Number         0  touch.o ABSOLUTE
    ..\\Hardware\\led.c                      0x00000000   Number         0  led.o ABSOLUTE
    ..\\Hardware\\pwm_out.c                  0x00000000   Number         0  pwm_out.o ABSOLUTE
    ..\\Hardware\\usart.c                    0x00000000   Number         0  usart.o ABSOLUTE
    ..\\Libraries\\misc.c                    0x00000000   Number         0  misc.o ABSOLUTE
    ..\\Libraries\\stm32f4xx_adc.c           0x00000000   Number         0  stm32f4xx_adc.o ABSOLUTE
    ..\\Libraries\\stm32f4xx_exti.c          0x00000000   Number         0  stm32f4xx_exti.o ABSOLUTE
    ..\\Libraries\\stm32f4xx_fsmc.c          0x00000000   Number         0  stm32f4xx_fsmc.o ABSOLUTE
    ..\\Libraries\\stm32f4xx_gpio.c          0x00000000   Number         0  stm32f4xx_gpio.o ABSOLUTE
    ..\\Libraries\\stm32f4xx_rcc.c           0x00000000   Number         0  stm32f4xx_rcc.o ABSOLUTE
    ..\\Libraries\\stm32f4xx_syscfg.c        0x00000000   Number         0  stm32f4xx_syscfg.o ABSOLUTE
    ..\\Libraries\\stm32f4xx_tim.c           0x00000000   Number         0  stm32f4xx_tim.o ABSOLUTE
    ..\\Libraries\\stm32f4xx_usart.c         0x00000000   Number         0  stm32f4xx_usart.o ABSOLUTE
    ..\\Libraries\\system_stm32f4xx.c        0x00000000   Number         0  system_stm32f4xx.o ABSOLUTE
    ..\\User\\delay.c                        0x00000000   Number         0  delay.o ABSOLUTE
    ..\\User\\main.c                         0x00000000   Number         0  main.o ABSOLUTE
    ..\\User\\stm32f4xx_it.c                 0x00000000   Number         0  stm32f4xx_it.o ABSOLUTE
    cdcmple.s                                0x00000000   Number         0  cdcmple.o ABSOLUTE
    cdrcmple.s                               0x00000000   Number         0  cdrcmple.o ABSOLUTE
    dc.s                                     0x00000000   Number         0  dc.o ABSOLUTE
    handlers.s                               0x00000000   Number         0  handlers.o ABSOLUTE
    init.s                                   0x00000000   Number         0  init.o ABSOLUTE
    RESET                                    0x08000000   Section      392  startup_stm32f4xx.o(RESET)
    .ARM.Collect$$$$00000000                 0x08000188   Section        0  entry.o(.ARM.Collect$$$$00000000)
    .ARM.Collect$$$$00000001                 0x08000188   Section        4  entry2.o(.ARM.Collect$$$$00000001)
    .ARM.Collect$$$$00000004                 0x0800018c   Section        4  entry5.o(.ARM.Collect$$$$00000004)
    .ARM.Collect$$$$00000008                 0x08000190   Section        0  entry7b.o(.ARM.Collect$$$$00000008)
    .ARM.Collect$$$$0000000A                 0x08000190   Section        0  entry8b.o(.ARM.Collect$$$$0000000A)
    .ARM.Collect$$$$0000000B                 0x08000190   Section        8  entry9a.o(.ARM.Collect$$$$0000000B)
    .ARM.Collect$$$$0000000D                 0x08000198   Section        0  entry10a.o(.ARM.Collect$$$$0000000D)
    .ARM.Collect$$$$0000000F                 0x08000198   Section        0  entry11a.o(.ARM.Collect$$$$0000000F)
    .ARM.Collect$$$$00002712                 0x08000198   Section        4  entry2.o(.ARM.Collect$$$$00002712)
    __lit__00000000                          0x08000198   Data           4  entry2.o(.ARM.Collect$$$$00002712)
    .text                                    0x0800019c   Section        0  main.o(.text)
    .text                                    0x0800021c   Section        0  stm32f4xx_it.o(.text)
    .text                                    0x0800023c   Section        0  delay.o(.text)
    .text                                    0x080002a8   Section        0  led.o(.text)
    .text                                    0x08000488   Section        0  key.o(.text)
    .text                                    0x080004f4   Section        0  usart.o(.text)
    .text                                    0x080005fc   Section        0  lcd_9341.o(.text)
    .text                                    0x08001e30   Section        0  tim4_sys.o(.text)
    .text                                    0x08001f54   Section        0  ccd_init.o(.text)
    .text                                    0x0800224c   Section        0  pwm_out.o(.text)
    .text                                    0x0800235c   Section        0  control.o(.text)
    .text                                    0x08002800   Section        0  encode.o(.text)
    .text                                    0x08002994   Section        0  misc.o(.text)
    .text                                    0x08002a74   Section        0  stm32f4xx_gpio.o(.text)
    .text                                    0x08002cd0   Section        0  stm32f4xx_rcc.o(.text)
    .text                                    0x08003258   Section        0  stm32f4xx_tim.o(.text)
    TI4_Config                               0x080039f7   Thumb Code    80  stm32f4xx_tim.o(.text)
    TI3_Config                               0x08003a59   Thumb Code    72  stm32f4xx_tim.o(.text)
    TI2_Config                               0x08003abb   Thumb Code    90  stm32f4xx_tim.o(.text)
    TI1_Config                               0x08003b27   Thumb Code    58  stm32f4xx_tim.o(.text)
    .text                                    0x08003efc   Section        0  stm32f4xx_usart.o(.text)
    .text                                    0x08004318   Section        0  system_stm32f4xx.o(.text)
    SetSysClock                              0x08004319   Thumb Code   220  system_stm32f4xx.o(.text)
    .text                                    0x08004528   Section       36  startup_stm32f4xx.o(.text)
    $v0                                      0x08004528   Number         0  startup_stm32f4xx.o(.text)
    .text                                    0x0800454c   Section        0  stm32f4xx_fsmc.o(.text)
    .text                                    0x08004b54   Section        0  stm32f4xx_syscfg.o(.text)
    .text                                    0x08004be0   Section        0  stm32f4xx_adc.o(.text)
    .text                                    0x08005044   Section        0  stm32f4xx_exti.o(.text)
    .text                                    0x08005160   Section        0  uldiv.o(.text)
    .text                                    0x080051c2   Section        0  llushr.o(.text)
    .text                                    0x080051e4   Section       36  init.o(.text)
    .text                                    0x08005208   Section        0  llshl.o(.text)
    i.__0printf$5                            0x08005228   Section        0  printf5.o(i.__0printf$5)
    i.__scatterload_copy                     0x08005248   Section       14  handlers.o(i.__scatterload_copy)
    i.__scatterload_null                     0x08005256   Section        2  handlers.o(i.__scatterload_null)
    i.__scatterload_zeroinit                 0x08005258   Section       14  handlers.o(i.__scatterload_zeroinit)
    i._printf_core                           0x08005268   Section        0  printf5.o(i._printf_core)
    _printf_core                             0x08005269   Thumb Code   654  printf5.o(i._printf_core)
    .constdata                               0x08005524   Section     7040  lcd_9341.o(.constdata)
    .data                                    0x20000000   Section        2  main.o(.data)
    .data                                    0x20000004   Section        5  led.o(.data)
    .data                                    0x2000000c   Section        4  usart.o(.data)
    .data                                    0x20000010   Section        4  lcd_9341.o(.data)
    .data                                    0x20000014   Section       16  tim4_sys.o(.data)
    TIM4_Cnt                                 0x20000014   Data           4  tim4_sys.o(.data)
    .data                                    0x20000024   Section       19  ccd_init.o(.data)
    i                                        0x20000036   Data           1  ccd_init.o(.data)
    .data                                    0x20000038   Section       44  control.o(.data)
    CCD_Error                                0x20000044   Data           4  control.o(.data)
    CCD_Error_old                            0x20000048   Data           4  control.o(.data)
    Speed_Error                              0x2000004c   Data           4  control.o(.data)
    Speed_Error_old                          0x20000050   Data           4  control.o(.data)
    CCD_Error                                0x20000054   Data           4  control.o(.data)
    CCD_Error_old                            0x20000058   Data           4  control.o(.data)
    Speed_Error                              0x2000005c   Data           4  control.o(.data)
    Speed_Error_old                          0x20000060   Data           4  control.o(.data)
    .data                                    0x20000064   Section        8  encode.o(.data)
    .data                                    0x2000006c   Section       16  stm32f4xx_rcc.o(.data)
    APBAHBPrescTable                         0x2000006c   Data          16  stm32f4xx_rcc.o(.data)
    .data                                    0x2000007c   Section       20  system_stm32f4xx.o(.data)
    .bss                                     0x20000090   Section       14  lcd_9341.o(.bss)
    .bss                                     0x2000009e   Section      256  ccd_init.o(.bss)
    .bss                                     0x200001a0   Section       64  control.o(.bss)
    STACK                                    0x200001e0   Section     1024  startup_stm32f4xx.o(STACK)

    Global Symbols

    Symbol Name                              Value     Ov Type        Size  Object(Section)

    BuildAttributes$$THM_ISAv4$E$P$D$K$B$S$7EM$VFPi3$EXTD16$VFPS$VFMA$PE$A:L22UL41UL21$X:L11$S22US41US21$IEEE1$IW$USESV6$~STKCKD$USESV7$~SHL$OTIME$ROPI$IEEEJ$EBA8$MICROLIB$REQ8$PRES8$EABIv2 0x00000000   Number         0  anon$$obj.o ABSOLUTE
    __ARM_use_no_argv                        0x00000000   Number         0  main.o ABSOLUTE
    __use_no_errno                           0x00000000   Number         0  useno.o ABSOLUTE
    __use_no_exception_handling              0x00000000   Number         0  useno.o ABSOLUTE
    __use_no_fp                              0x00000000   Number         0  useno.o ABSOLUTE
    __use_no_heap                            0x00000000   Number         0  useno.o ABSOLUTE
    __use_no_heap_region                     0x00000000   Number         0  useno.o ABSOLUTE
    __use_no_semihosting                     0x00000000   Number         0  useno.o ABSOLUTE
    __use_no_semihosting_swi                 0x00000000   Number         0  useno.o ABSOLUTE
    __use_no_signal_handling                 0x00000000   Number         0  useno.o ABSOLUTE
    _printf_a                                0x00000000   Number         0  stubs.o ABSOLUTE
    _printf_c                                0x00000000   Number         0  stubs.o ABSOLUTE
    _printf_charcount                        0x00000000   Number         0  stubs.o ABSOLUTE
    _printf_d                                0x00000000   Number         0  stubs.o ABSOLUTE
    _printf_e                                0x00000000   Number         0  stubs.o ABSOLUTE
    _printf_f                                0x00000000   Number         0  stubs.o ABSOLUTE
    _printf_flags                            0x00000000   Number         0  stubs.o ABSOLUTE
    _printf_fp_dec                           0x00000000   Number         0  stubs.o ABSOLUTE
    _printf_fp_hex                           0x00000000   Number         0  stubs.o ABSOLUTE
    _printf_g                                0x00000000   Number         0  stubs.o ABSOLUTE
    _printf_i                                0x00000000   Number         0  stubs.o ABSOLUTE
    _printf_int_dec                          0x00000000   Number         0  stubs.o ABSOLUTE
    _printf_l                                0x00000000   Number         0  stubs.o ABSOLUTE
    _printf_lc                               0x00000000   Number         0  stubs.o ABSOLUTE
    _printf_ll                               0x00000000   Number         0  stubs.o ABSOLUTE
    _printf_lld                              0x00000000   Number         0  stubs.o ABSOLUTE
    _printf_lli                              0x00000000   Number         0  stubs.o ABSOLUTE
    _printf_llo                              0x00000000   Number         0  stubs.o ABSOLUTE
    _printf_llu                              0x00000000   Number         0  stubs.o ABSOLUTE
    _printf_llx                              0x00000000   Number         0  stubs.o ABSOLUTE
    _printf_longlong_dec                     0x00000000   Number         0  stubs.o ABSOLUTE
    _printf_longlong_hex                     0x00000000   Number         0  stubs.o ABSOLUTE
    _printf_longlong_oct                     0x00000000   Number         0  stubs.o ABSOLUTE
    _printf_ls                               0x00000000   Number         0  stubs.o ABSOLUTE
    _printf_mbtowc                           0x00000000   Number         0  stubs.o ABSOLUTE
    _printf_n                                0x00000000   Number         0  stubs.o ABSOLUTE
    _printf_o                                0x00000000   Number         0  stubs.o ABSOLUTE
    _printf_p                                0x00000000   Number         0  stubs.o ABSOLUTE
    _printf_percent                          0x00000000   Number         0  stubs.o ABSOLUTE
    _printf_pre_padding                      0x00000000   Number         0  stubs.o ABSOLUTE
    _printf_return_value                     0x00000000   Number         0  stubs.o ABSOLUTE
    _printf_s                                0x00000000   Number         0  stubs.o ABSOLUTE
    _printf_sizespec                         0x00000000   Number         0  stubs.o ABSOLUTE
    _printf_str                              0x00000000   Number         0  stubs.o ABSOLUTE
    _printf_truncate_signed                  0x00000000   Number         0  stubs.o ABSOLUTE
    _printf_truncate_unsigned                0x00000000   Number         0  stubs.o ABSOLUTE
    _printf_u                                0x00000000   Number         0  stubs.o ABSOLUTE
    _printf_wc                               0x00000000   Number         0  stubs.o ABSOLUTE
    _printf_wctomb                           0x00000000   Number         0  stubs.o ABSOLUTE
    _printf_widthprec                        0x00000000   Number         0  stubs.o ABSOLUTE
    _printf_x                                0x00000000   Number         0  stubs.o ABSOLUTE
    __cpp_initialize__aeabi_                  - Undefined Weak Reference
    __cxa_finalize                            - Undefined Weak Reference
    __decompress                              - Undefined Weak Reference
    _clock_init                               - Undefined Weak Reference
    _microlib_exit                            - Undefined Weak Reference
    __Vectors_Size                           0x00000188   Number         0  startup_stm32f4xx.o ABSOLUTE
    __Vectors                                0x08000000   Data           4  startup_stm32f4xx.o(RESET)
    __Vectors_End                            0x08000188   Data           0  startup_stm32f4xx.o(RESET)
    __main                                   0x08000189   Thumb Code     0  entry.o(.ARM.Collect$$$$00000000)
    _main_stk                                0x08000189   Thumb Code     0  entry2.o(.ARM.Collect$$$$00000001)
    _main_scatterload                        0x0800018d   Thumb Code     0  entry5.o(.ARM.Collect$$$$00000004)
    __main_after_scatterload                 0x08000191   Thumb Code     0  entry5.o(.ARM.Collect$$$$00000004)
    _main_clock                              0x08000191   Thumb Code     0  entry7b.o(.ARM.Collect$$$$00000008)
    _main_cpp_init                           0x08000191   Thumb Code     0  entry8b.o(.ARM.Collect$$$$0000000A)
    _main_init                               0x08000191   Thumb Code     0  entry9a.o(.ARM.Collect$$$$0000000B)
    __rt_final_cpp                           0x08000199   Thumb Code     0  entry10a.o(.ARM.Collect$$$$0000000D)
    __rt_final_exit                          0x08000199   Thumb Code     0  entry11a.o(.ARM.Collect$$$$0000000F)
    main                                     0x0800019d   Thumb Code   114  main.o(.text)
    TIM3_IRQHandler                          0x0800021d   Thumb Code     8  stm32f4xx_it.o(.text)
    NMI_Handler                              0x08000225   Thumb Code     2  stm32f4xx_it.o(.text)
    HardFault_Handler                        0x08000227   Thumb Code     4  stm32f4xx_it.o(.text)
    MemManage_Handler                        0x0800022b   Thumb Code     4  stm32f4xx_it.o(.text)
    BusFault_Handler                         0x0800022f   Thumb Code     4  stm32f4xx_it.o(.text)
    UsageFault_Handler                       0x08000233   Thumb Code     4  stm32f4xx_it.o(.text)
    SVC_Handler                              0x08000237   Thumb Code     2  stm32f4xx_it.o(.text)
    DebugMon_Handler                         0x08000239   Thumb Code     2  stm32f4xx_it.o(.text)
    PendSV_Handler                           0x0800023b   Thumb Code     2  stm32f4xx_it.o(.text)
    delay_us                                 0x0800023d   Thumb Code    52  delay.o(.text)
    delay_ms                                 0x08000271   Thumb Code    56  delay.o(.text)
    TIM3_Init                                0x080002a9   Thumb Code    86  led.o(.text)
    LED_Flash_Init                           0x080002ff   Thumb Code    70  led.o(.text)
    LED_Flash_0                              0x08000345   Thumb Code   158  led.o(.text)
    LED_Flash_1                              0x080003e3   Thumb Code    72  led.o(.text)
    TIM3_IRQ                                 0x0800042b   Thumb Code    76  led.o(.text)
    KEY_Init                                 0x08000489   Thumb Code    44  key.o(.text)
    KEY_Scan                                 0x080004b5   Thumb Code    60  key.o(.text)
    fputc                                    0x080004f5   Thumb Code    22  usart.o(.text)
    uart_init                                0x0800050b   Thumb Code   172  usart.o(.text)
    USART1_IRQHandler                        0x080005b7   Thumb Code    56  usart.o(.text)
    LCD_WR_REG                               0x080005fd   Thumb Code    18  lcd_9341.o(.text)
    LCD_WR_DATA                              0x0800060f   Thumb Code    20  lcd_9341.o(.text)
    LCD_RD_DATA                              0x08000623   Thumb Code    16  lcd_9341.o(.text)
    LCD_WriteReg                             0x08000633   Thumb Code    24  lcd_9341.o(.text)
    LCD_ReadReg                              0x0800064b   Thumb Code    22  lcd_9341.o(.text)
    LCD_WriteRAM_Prepare                     0x08000661   Thumb Code    10  lcd_9341.o(.text)
    LCD_WriteRAM                             0x0800066b   Thumb Code     8  lcd_9341.o(.text)
    LCD_BGR2RGB                              0x08000673   Thumb Code    26  lcd_9341.o(.text)
    opt_delay                                0x0800068d   Thumb Code    14  lcd_9341.o(.text)
    LCD_SetCursor                            0x0800069b   Thumb Code   112  lcd_9341.o(.text)
    LCD_ReadPoint                            0x0800070b   Thumb Code   356  lcd_9341.o(.text)
    LCD_DisplayOn                            0x0800086f   Thumb Code    80  lcd_9341.o(.text)
    LCD_DisplayOff                           0x080008bf   Thumb Code    78  lcd_9341.o(.text)
    LCD_Scan_Dir                             0x0800090d   Thumb Code   688  lcd_9341.o(.text)
    LCD_DrawPoint                            0x08000bbd   Thumb Code    28  lcd_9341.o(.text)
    LCD_Fast_DrawPoint                       0x08000bd9   Thumb Code   282  lcd_9341.o(.text)
    LCD_Display_Dir                          0x08000cf3   Thumb Code   378  lcd_9341.o(.text)
    LCD_Set_Window                           0x08000e6d   Thumb Code   382  lcd_9341.o(.text)
    LCD_Clear                                0x08000feb   Thumb Code   100  lcd_9341.o(.text)
    LCD_Init                                 0x0800104f   Thumb Code  1748  lcd_9341.o(.text)
    LCD_Fill                                 0x08001723   Thumb Code    82  lcd_9341.o(.text)
    LCD_Color_Fill                           0x08001775   Thumb Code    92  lcd_9341.o(.text)
    LCD_DrawLine                             0x080017d1   Thumb Code   176  lcd_9341.o(.text)
    LCD_DrawRectangle                        0x08001881   Thumb Code    60  lcd_9341.o(.text)
    LCD_Draw_Circle                          0x080018bd   Thumb Code   152  lcd_9341.o(.text)
    LCD_ShowChar                             0x08001955   Thumb Code   272  lcd_9341.o(.text)
    LCD_Pow                                  0x08001a65   Thumb Code    22  lcd_9341.o(.text)
    LCD_ShowNum                              0x08001a7b   Thumb Code   182  lcd_9341.o(.text)
    LCD_ShowxNum                             0x08001b31   Thumb Code   190  lcd_9341.o(.text)
    LCD_ShowString                           0x08001bef   Thumb Code   102  lcd_9341.o(.text)
    LCD_ShowFont                             0x08001c55   Thumb Code   174  lcd_9341.o(.text)
    Show_Head                                0x08001d03   Thumb Code   244  lcd_9341.o(.text)
    TIM4_Init                                0x08001e31   Thumb Code    86  tim4_sys.o(.text)
    safe_protect                             0x08001e87   Thumb Code    42  tim4_sys.o(.text)
    TIM4_IRQHandler                          0x08001eb1   Thumb Code   126  tim4_sys.o(.text)
    wait_blackline                           0x08001f2f   Thumb Code     2  tim4_sys.o(.text)
    Adc_Init                                 0x08001f55   Thumb Code   124  ccd_init.o(.text)
    CCD_init                                 0x08001fd1   Thumb Code    60  ccd_init.o(.text)
    Get_Adc                                  0x0800200d   Thumb Code    44  ccd_init.o(.text)
    Get_Adc_Average                          0x08002039   Thumb Code    46  ccd_init.o(.text)
    CCD_reader                               0x08002067   Thumb Code   100  ccd_init.o(.text)
    CCD_save                                 0x080020cb   Thumb Code    20  ccd_init.o(.text)
    CCD_display                              0x080020df   Thumb Code    70  ccd_init.o(.text)
    ccd_process                              0x08002125   Thumb Code   232  ccd_init.o(.text)
    motor_flash                              0x0800224d   Thumb Code    46  pwm_out.o(.text)
    TIM2_PWM_Init                            0x0800227b   Thumb Code   190  pwm_out.o(.text)
    tim2_cmd                                 0x08002339   Thumb Code    30  pwm_out.o(.text)
    PID_Init                                 0x0800235d   Thumb Code    54  control.o(.text)
    Control_Task_1                           0x08002393   Thumb Code   512  control.o(.text)
    Control_Task_2                           0x08002593   Thumb Code   604  control.o(.text)
    EXTIX_Init                               0x08002801   Thumb Code   190  encode.o(.text)
    Encode_Init                              0x080028bf   Thumb Code    48  encode.o(.text)
    EXTI9_5_IRQHandler                       0x080028ef   Thumb Code   152  encode.o(.text)
    NVIC_PriorityGroupConfig                 0x08002995   Thumb Code    10  misc.o(.text)
    NVIC_Init                                0x0800299f   Thumb Code   106  misc.o(.text)
    NVIC_SetVectorTable                      0x08002a09   Thumb Code    14  misc.o(.text)
    NVIC_SystemLPConfig                      0x08002a17   Thumb Code    34  misc.o(.text)
    SysTick_CLKSourceConfig                  0x08002a39   Thumb Code    40  misc.o(.text)
    GPIO_DeInit                              0x08002a75   Thumb Code   220  stm32f4xx_gpio.o(.text)
    GPIO_Init                                0x08002b51   Thumb Code   144  stm32f4xx_gpio.o(.text)
    GPIO_StructInit                          0x08002be1   Thumb Code    18  stm32f4xx_gpio.o(.text)
    GPIO_PinLockConfig                       0x08002bf3   Thumb Code    34  stm32f4xx_gpio.o(.text)
    GPIO_ReadInputDataBit                    0x08002c15   Thumb Code    18  stm32f4xx_gpio.o(.text)
    GPIO_ReadInputData                       0x08002c27   Thumb Code     8  stm32f4xx_gpio.o(.text)
    GPIO_ReadOutputDataBit                   0x08002c2f   Thumb Code    18  stm32f4xx_gpio.o(.text)
    GPIO_ReadOutputData                      0x08002c41   Thumb Code     8  stm32f4xx_gpio.o(.text)
    GPIO_SetBits                             0x08002c49   Thumb Code     4  stm32f4xx_gpio.o(.text)
    GPIO_ResetBits                           0x08002c4d   Thumb Code     4  stm32f4xx_gpio.o(.text)
    GPIO_WriteBit                            0x08002c51   Thumb Code    10  stm32f4xx_gpio.o(.text)
    GPIO_Write                               0x08002c5b   Thumb Code     4  stm32f4xx_gpio.o(.text)
    GPIO_ToggleBits                          0x08002c5f   Thumb Code     8  stm32f4xx_gpio.o(.text)
    GPIO_PinAFConfig                         0x08002c67   Thumb Code    70  stm32f4xx_gpio.o(.text)
    RCC_DeInit                               0x08002cd1   Thumb Code    60  stm32f4xx_rcc.o(.text)
    RCC_HSEConfig                            0x08002d0d   Thumb Code    14  stm32f4xx_rcc.o(.text)
    RCC_GetFlagStatus                        0x08002d1b   Thumb Code    60  stm32f4xx_rcc.o(.text)
    RCC_WaitForHSEStartUp                    0x08002d57   Thumb Code    56  stm32f4xx_rcc.o(.text)
    RCC_AdjustHSICalibrationValue            0x08002d8f   Thumb Code    20  stm32f4xx_rcc.o(.text)
    RCC_HSICmd                               0x08002da3   Thumb Code     6  stm32f4xx_rcc.o(.text)
    RCC_LSEConfig                            0x08002da9   Thumb Code    46  stm32f4xx_rcc.o(.text)
    RCC_LSICmd                               0x08002dd7   Thumb Code     6  stm32f4xx_rcc.o(.text)
    RCC_PLLConfig                            0x08002ddd   Thumb Code    32  stm32f4xx_rcc.o(.text)
    RCC_PLLCmd                               0x08002dfd   Thumb Code     6  stm32f4xx_rcc.o(.text)
    RCC_PLLI2SConfig                         0x08002e03   Thumb Code    14  stm32f4xx_rcc.o(.text)
    RCC_PLLI2SCmd                            0x08002e11   Thumb Code     6  stm32f4xx_rcc.o(.text)
    RCC_ClockSecuritySystemCmd               0x08002e17   Thumb Code     6  stm32f4xx_rcc.o(.text)
    RCC_MCO1Config                           0x08002e1d   Thumb Code    28  stm32f4xx_rcc.o(.text)
    RCC_MCO2Config                           0x08002e39   Thumb Code    28  stm32f4xx_rcc.o(.text)
    RCC_SYSCLKConfig                         0x08002e55   Thumb Code    20  stm32f4xx_rcc.o(.text)
    RCC_GetSYSCLKSource                      0x08002e69   Thumb Code    12  stm32f4xx_rcc.o(.text)
    RCC_HCLKConfig                           0x08002e75   Thumb Code    20  stm32f4xx_rcc.o(.text)
    RCC_PCLK1Config                          0x08002e89   Thumb Code    20  stm32f4xx_rcc.o(.text)
    RCC_PCLK2Config                          0x08002e9d   Thumb Code    22  stm32f4xx_rcc.o(.text)
    RCC_GetClocksFreq                        0x08002eb3   Thumb Code   222  stm32f4xx_rcc.o(.text)
    RCC_RTCCLKConfig                         0x08002f91   Thumb Code    54  stm32f4xx_rcc.o(.text)
    RCC_RTCCLKCmd                            0x08002fc7   Thumb Code     8  stm32f4xx_rcc.o(.text)
    RCC_BackupResetCmd                       0x08002fcf   Thumb Code     8  stm32f4xx_rcc.o(.text)
    RCC_I2SCLKConfig                         0x08002fd7   Thumb Code     6  stm32f4xx_rcc.o(.text)
    RCC_AHB1PeriphClockCmd                   0x08002fdd   Thumb Code    34  stm32f4xx_rcc.o(.text)
    RCC_AHB2PeriphClockCmd                   0x08002fff   Thumb Code    34  stm32f4xx_rcc.o(.text)
    RCC_AHB3PeriphClockCmd                   0x08003021   Thumb Code    34  stm32f4xx_rcc.o(.text)
    RCC_APB1PeriphClockCmd                   0x08003043   Thumb Code    34  stm32f4xx_rcc.o(.text)
    RCC_APB2PeriphClockCmd                   0x08003065   Thumb Code    34  stm32f4xx_rcc.o(.text)
    RCC_AHB1PeriphResetCmd                   0x08003087   Thumb Code    34  stm32f4xx_rcc.o(.text)
    RCC_AHB2PeriphResetCmd                   0x080030a9   Thumb Code    72  stm32f4xx_rcc.o(.text)
    RCC_AHB3PeriphResetCmd                   0x080030f1   Thumb Code    34  stm32f4xx_rcc.o(.text)
    RCC_APB1PeriphResetCmd                   0x08003113   Thumb Code    34  stm32f4xx_rcc.o(.text)
    RCC_APB2PeriphResetCmd                   0x08003135   Thumb Code    34  stm32f4xx_rcc.o(.text)
    RCC_AHB1PeriphClockLPModeCmd             0x08003157   Thumb Code    34  stm32f4xx_rcc.o(.text)
    RCC_AHB2PeriphClockLPModeCmd             0x08003179   Thumb Code    34  stm32f4xx_rcc.o(.text)
    RCC_AHB3PeriphClockLPModeCmd             0x0800319b   Thumb Code    34  stm32f4xx_rcc.o(.text)
    RCC_APB1PeriphClockLPModeCmd             0x080031bd   Thumb Code    34  stm32f4xx_rcc.o(.text)
    RCC_APB2PeriphClockLPModeCmd             0x080031df   Thumb Code    34  stm32f4xx_rcc.o(.text)
    RCC_ITConfig                             0x08003201   Thumb Code    34  stm32f4xx_rcc.o(.text)
    RCC_ClearFlag                            0x08003223   Thumb Code    18  stm32f4xx_rcc.o(.text)
    RCC_GetITStatus                          0x08003235   Thumb Code    22  stm32f4xx_rcc.o(.text)
    RCC_ClearITPendingBit                    0x0800324b   Thumb Code     8  stm32f4xx_rcc.o(.text)
    TIM_DeInit                               0x08003259   Thumb Code   346  stm32f4xx_tim.o(.text)
    TIM_TimeBaseInit                         0x080033b3   Thumb Code   104  stm32f4xx_tim.o(.text)
    TIM_TimeBaseStructInit                   0x0800341b   Thumb Code    18  stm32f4xx_tim.o(.text)
    TIM_PrescalerConfig                      0x0800342d   Thumb Code     6  stm32f4xx_tim.o(.text)
    TIM_CounterModeConfig                    0x08003433   Thumb Code    18  stm32f4xx_tim.o(.text)
    TIM_SetCounter                           0x08003445   Thumb Code     4  stm32f4xx_tim.o(.text)
    TIM_SetAutoreload                        0x08003449   Thumb Code     4  stm32f4xx_tim.o(.text)
    TIM_GetCounter                           0x0800344d   Thumb Code     6  stm32f4xx_tim.o(.text)
    TIM_GetPrescaler                         0x08003453   Thumb Code     6  stm32f4xx_tim.o(.text)
    TIM_UpdateDisableConfig                  0x08003459   Thumb Code    24  stm32f4xx_tim.o(.text)
    TIM_UpdateRequestConfig                  0x08003471   Thumb Code    24  stm32f4xx_tim.o(.text)
    TIM_ARRPreloadConfig                     0x08003489   Thumb Code    24  stm32f4xx_tim.o(.text)
    TIM_SelectOnePulseMode                   0x080034a1   Thumb Code    18  stm32f4xx_tim.o(.text)
    TIM_SetClockDivision                     0x080034b3   Thumb Code    18  stm32f4xx_tim.o(.text)
    TIM_Cmd                                  0x080034c5   Thumb Code    24  stm32f4xx_tim.o(.text)
    TIM_OC1Init                              0x080034dd   Thumb Code   114  stm32f4xx_tim.o(.text)
    TIM_OC2Init                              0x0800354f   Thumb Code   154  stm32f4xx_tim.o(.text)
    TIM_OC3Init                              0x080035e9   Thumb Code   204  stm32f4xx_tim.o(.text)
    TIM_OC4Init                              0x080036b5   Thumb Code   112  stm32f4xx_tim.o(.text)
    TIM_OCStructInit                         0x08003725   Thumb Code    20  stm32f4xx_tim.o(.text)
    TIM_SelectOCxM                           0x08003739   Thumb Code    86  stm32f4xx_tim.o(.text)
    TIM_SetCompare1                          0x0800378f   Thumb Code     4  stm32f4xx_tim.o(.text)
    TIM_SetCompare2                          0x08003793   Thumb Code     4  stm32f4xx_tim.o(.text)
    TIM_SetCompare3                          0x08003797   Thumb Code     4  stm32f4xx_tim.o(.text)
    TIM_SetCompare4                          0x0800379b   Thumb Code     4  stm32f4xx_tim.o(.text)
    TIM_ForcedOC1Config                      0x0800379f   Thumb Code    18  stm32f4xx_tim.o(.text)
    TIM_ForcedOC2Config                      0x080037b1   Thumb Code    26  stm32f4xx_tim.o(.text)
    TIM_ForcedOC3Config                      0x080037cb   Thumb Code    18  stm32f4xx_tim.o(.text)
    TIM_ForcedOC4Config                      0x080037dd   Thumb Code    26  stm32f4xx_tim.o(.text)
    TIM_OC1PreloadConfig                     0x080037f7   Thumb Code    18  stm32f4xx_tim.o(.text)
    TIM_OC2PreloadConfig                     0x08003809   Thumb Code    26  stm32f4xx_tim.o(.text)
    TIM_OC3PreloadConfig                     0x08003823   Thumb Code    18  stm32f4xx_tim.o(.text)
    TIM_OC4PreloadConfig                     0x08003835   Thumb Code    26  stm32f4xx_tim.o(.text)
    TIM_OC1FastConfig                        0x0800384f   Thumb Code    18  stm32f4xx_tim.o(.text)
    TIM_OC2FastConfig                        0x08003861   Thumb Code    26  stm32f4xx_tim.o(.text)
    TIM_OC3FastConfig                        0x0800387b   Thumb Code    18  stm32f4xx_tim.o(.text)
    TIM_OC4FastConfig                        0x0800388d   Thumb Code    26  stm32f4xx_tim.o(.text)
    TIM_ClearOC1Ref                          0x080038a7   Thumb Code    18  stm32f4xx_tim.o(.text)
    TIM_ClearOC2Ref                          0x080038b9   Thumb Code    24  stm32f4xx_tim.o(.text)
    TIM_ClearOC3Ref                          0x080038d1   Thumb Code    18  stm32f4xx_tim.o(.text)
    TIM_ClearOC4Ref                          0x080038e3   Thumb Code    24  stm32f4xx_tim.o(.text)
    TIM_OC1PolarityConfig                    0x080038fb   Thumb Code    18  stm32f4xx_tim.o(.text)
    TIM_OC1NPolarityConfig                   0x0800390d   Thumb Code    18  stm32f4xx_tim.o(.text)
    TIM_OC2PolarityConfig                    0x0800391f   Thumb Code    26  stm32f4xx_tim.o(.text)
    TIM_OC2NPolarityConfig                   0x08003939   Thumb Code    26  stm32f4xx_tim.o(.text)
    TIM_OC3PolarityConfig                    0x08003953   Thumb Code    26  stm32f4xx_tim.o(.text)
    TIM_OC3NPolarityConfig                   0x0800396d   Thumb Code    26  stm32f4xx_tim.o(.text)
    TIM_OC4PolarityConfig                    0x08003987   Thumb Code    26  stm32f4xx_tim.o(.text)
    TIM_CCxCmd                               0x080039a1   Thumb Code    30  stm32f4xx_tim.o(.text)
    TIM_CCxNCmd                              0x080039bf   Thumb Code    30  stm32f4xx_tim.o(.text)
    TIM_SetIC4Prescaler                      0x080039dd   Thumb Code    26  stm32f4xx_tim.o(.text)
    TIM_SetIC3Prescaler                      0x08003a47   Thumb Code    18  stm32f4xx_tim.o(.text)
    TIM_SetIC2Prescaler                      0x08003aa1   Thumb Code    26  stm32f4xx_tim.o(.text)
    TIM_SetIC1Prescaler                      0x08003b15   Thumb Code    18  stm32f4xx_tim.o(.text)
    TIM_ICInit                               0x08003b61   Thumb Code   110  stm32f4xx_tim.o(.text)
    TIM_ICStructInit                         0x08003bcf   Thumb Code    18  stm32f4xx_tim.o(.text)
    TIM_PWMIConfig                           0x08003be1   Thumb Code   124  stm32f4xx_tim.o(.text)
    TIM_GetCapture1                          0x08003c5d   Thumb Code     6  stm32f4xx_tim.o(.text)
    TIM_GetCapture2                          0x08003c63   Thumb Code     6  stm32f4xx_tim.o(.text)
    TIM_GetCapture3                          0x08003c69   Thumb Code     6  stm32f4xx_tim.o(.text)
    TIM_GetCapture4                          0x08003c6f   Thumb Code     6  stm32f4xx_tim.o(.text)
    TIM_BDTRConfig                           0x08003c75   Thumb Code    32  stm32f4xx_tim.o(.text)
    TIM_BDTRStructInit                       0x08003c95   Thumb Code    18  stm32f4xx_tim.o(.text)
    TIM_CtrlPWMOutputs                       0x08003ca7   Thumb Code    30  stm32f4xx_tim.o(.text)
    TIM_SelectCOM                            0x08003cc5   Thumb Code    24  stm32f4xx_tim.o(.text)
    TIM_CCPreloadControl                     0x08003cdd   Thumb Code    24  stm32f4xx_tim.o(.text)
    TIM_ITConfig                             0x08003cf5   Thumb Code    18  stm32f4xx_tim.o(.text)
    TIM_GenerateEvent                        0x08003d07   Thumb Code     4  stm32f4xx_tim.o(.text)
    TIM_GetFlagStatus                        0x08003d0b   Thumb Code    18  stm32f4xx_tim.o(.text)
    TIM_ClearFlag                            0x08003d1d   Thumb Code     6  stm32f4xx_tim.o(.text)
    TIM_GetITStatus                          0x08003d23   Thumb Code    34  stm32f4xx_tim.o(.text)
    TIM_ClearITPendingBit                    0x08003d45   Thumb Code     6  stm32f4xx_tim.o(.text)
    TIM_DMAConfig                            0x08003d4b   Thumb Code    10  stm32f4xx_tim.o(.text)
    TIM_DMACmd                               0x08003d55   Thumb Code    18  stm32f4xx_tim.o(.text)
    TIM_SelectCCDMA                          0x08003d67   Thumb Code    24  stm32f4xx_tim.o(.text)
    TIM_InternalClockConfig                  0x08003d7f   Thumb Code    12  stm32f4xx_tim.o(.text)
    TIM_SelectInputTrigger                   0x08003d8b   Thumb Code    18  stm32f4xx_tim.o(.text)
    TIM_ITRxExternalClockConfig              0x08003d9d   Thumb Code    24  stm32f4xx_tim.o(.text)
    TIM_TIxExternalClockConfig               0x08003db5   Thumb Code    62  stm32f4xx_tim.o(.text)
    TIM_ETRConfig                            0x08003df3   Thumb Code    28  stm32f4xx_tim.o(.text)
    TIM_ETRClockMode1Config                  0x08003e0f   Thumb Code    54  stm32f4xx_tim.o(.text)
    TIM_ETRClockMode2Config                  0x08003e45   Thumb Code    32  stm32f4xx_tim.o(.text)
    TIM_SelectOutputTrigger                  0x08003e65   Thumb Code    18  stm32f4xx_tim.o(.text)
    TIM_SelectSlaveMode                      0x08003e77   Thumb Code    18  stm32f4xx_tim.o(.text)
    TIM_SelectMasterSlaveMode                0x08003e89   Thumb Code    18  stm32f4xx_tim.o(.text)
    TIM_EncoderInterfaceConfig               0x08003e9b   Thumb Code    66  stm32f4xx_tim.o(.text)
    TIM_SelectHallSensor                     0x08003edd   Thumb Code    24  stm32f4xx_tim.o(.text)
    TIM_RemapConfig                          0x08003ef5   Thumb Code     6  stm32f4xx_tim.o(.text)
    USART_DeInit                             0x08003efd   Thumb Code   156  stm32f4xx_usart.o(.text)
    USART_Init                               0x08003f99   Thumb Code   204  stm32f4xx_usart.o(.text)
    USART_StructInit                         0x08004065   Thumb Code    24  stm32f4xx_usart.o(.text)
    USART_ClockInit                          0x0800407d   Thumb Code    32  stm32f4xx_usart.o(.text)
    USART_ClockStructInit                    0x0800409d   Thumb Code    12  stm32f4xx_usart.o(.text)
    USART_Cmd                                0x080040a9   Thumb Code    24  stm32f4xx_usart.o(.text)
    USART_SetPrescaler                       0x080040c1   Thumb Code    16  stm32f4xx_usart.o(.text)
    USART_OverSampling8Cmd                   0x080040d1   Thumb Code    22  stm32f4xx_usart.o(.text)
    USART_OneBitMethodCmd                    0x080040e7   Thumb Code    24  stm32f4xx_usart.o(.text)
    USART_SendData                           0x080040ff   Thumb Code     8  stm32f4xx_usart.o(.text)
    USART_ReceiveData                        0x08004107   Thumb Code    10  stm32f4xx_usart.o(.text)
    USART_SetAddress                         0x08004111   Thumb Code    18  stm32f4xx_usart.o(.text)
    USART_ReceiverWakeUpCmd                  0x08004123   Thumb Code    24  stm32f4xx_usart.o(.text)
    USART_WakeUpConfig                       0x0800413b   Thumb Code    18  stm32f4xx_usart.o(.text)
    USART_LINBreakDetectLengthConfig         0x0800414d   Thumb Code    18  stm32f4xx_usart.o(.text)
    USART_LINCmd                             0x0800415f   Thumb Code    24  stm32f4xx_usart.o(.text)
    USART_SendBreak                          0x08004177   Thumb Code    10  stm32f4xx_usart.o(.text)
    USART_HalfDuplexCmd                      0x08004181   Thumb Code    24  stm32f4xx_usart.o(.text)
    USART_SetGuardTime                       0x08004199   Thumb Code    16  stm32f4xx_usart.o(.text)
    USART_SmartCardCmd                       0x080041a9   Thumb Code    24  stm32f4xx_usart.o(.text)
    USART_SmartCardNACKCmd                   0x080041c1   Thumb Code    24  stm32f4xx_usart.o(.text)
    USART_IrDAConfig                         0x080041d9   Thumb Code    18  stm32f4xx_usart.o(.text)
    USART_IrDACmd                            0x080041eb   Thumb Code    24  stm32f4xx_usart.o(.text)
    USART_DMACmd                             0x08004203   Thumb Code    18  stm32f4xx_usart.o(.text)
    USART_ITConfig                           0x08004215   Thumb Code    74  stm32f4xx_usart.o(.text)
    USART_GetFlagStatus                      0x0800425f   Thumb Code    26  stm32f4xx_usart.o(.text)
    USART_ClearFlag                          0x08004279   Thumb Code    18  stm32f4xx_usart.o(.text)
    USART_GetITStatus                        0x0800428b   Thumb Code   110  stm32f4xx_usart.o(.text)
    USART_ClearITPendingBit                  0x080042f9   Thumb Code    30  stm32f4xx_usart.o(.text)
    SystemInit                               0x080043f5   Thumb Code    88  system_stm32f4xx.o(.text)
    SystemCoreClockUpdate                    0x0800444d   Thumb Code   174  system_stm32f4xx.o(.text)
    Reset_Handler                            0x08004529   Thumb Code     8  startup_stm32f4xx.o(.text)
    SysTick_Handler                          0x08004541   Thumb Code     2  startup_stm32f4xx.o(.text)
    ADC_IRQHandler                           0x08004543   Thumb Code     0  startup_stm32f4xx.o(.text)
    CAN1_RX0_IRQHandler                      0x08004543   Thumb Code     0  startup_stm32f4xx.o(.text)
    CAN1_RX1_IRQHandler                      0x08004543   Thumb Code     0  startup_stm32f4xx.o(.text)
    CAN1_SCE_IRQHandler                      0x08004543   Thumb Code     0  startup_stm32f4xx.o(.text)
    CAN1_TX_IRQHandler                       0x08004543   Thumb Code     0  startup_stm32f4xx.o(.text)
    CAN2_RX0_IRQHandler                      0x08004543   Thumb Code     0  startup_stm32f4xx.o(.text)
    CAN2_RX1_IRQHandler                      0x08004543   Thumb Code     0  startup_stm32f4xx.o(.text)
    CAN2_SCE_IRQHandler                      0x08004543   Thumb Code     0  startup_stm32f4xx.o(.text)
    CAN2_TX_IRQHandler                       0x08004543   Thumb Code     0  startup_stm32f4xx.o(.text)
    CRYP_IRQHandler                          0x08004543   Thumb Code     0  startup_stm32f4xx.o(.text)
    DCMI_IRQHandler                          0x08004543   Thumb Code     0  startup_stm32f4xx.o(.text)
    DMA1_Stream0_IRQHandler                  0x08004543   Thumb Code     0  startup_stm32f4xx.o(.text)
    DMA1_Stream1_IRQHandler                  0x08004543   Thumb Code     0  startup_stm32f4xx.o(.text)
    DMA1_Stream2_IRQHandler                  0x08004543   Thumb Code     0  startup_stm32f4xx.o(.text)
    DMA1_Stream3_IRQHandler                  0x08004543   Thumb Code     0  startup_stm32f4xx.o(.text)
    DMA1_Stream4_IRQHandler                  0x08004543   Thumb Code     0  startup_stm32f4xx.o(.text)
    DMA1_Stream5_IRQHandler                  0x08004543   Thumb Code     0  startup_stm32f4xx.o(.text)
    DMA1_Stream6_IRQHandler                  0x08004543   Thumb Code     0  startup_stm32f4xx.o(.text)
    DMA1_Stream7_IRQHandler                  0x08004543   Thumb Code     0  startup_stm32f4xx.o(.text)
    DMA2_Stream0_IRQHandler                  0x08004543   Thumb Code     0  startup_stm32f4xx.o(.text)
    DMA2_Stream1_IRQHandler                  0x08004543   Thumb Code     0  startup_stm32f4xx.o(.text)
    DMA2_Stream2_IRQHandler                  0x08004543   Thumb Code     0  startup_stm32f4xx.o(.text)
    DMA2_Stream3_IRQHandler                  0x08004543   Thumb Code     0  startup_stm32f4xx.o(.text)
    DMA2_Stream4_IRQHandler                  0x08004543   Thumb Code     0  startup_stm32f4xx.o(.text)
    DMA2_Stream5_IRQHandler                  0x08004543   Thumb Code     0  startup_stm32f4xx.o(.text)
    DMA2_Stream6_IRQHandler                  0x08004543   Thumb Code     0  startup_stm32f4xx.o(.text)
    DMA2_Stream7_IRQHandler                  0x08004543   Thumb Code     0  startup_stm32f4xx.o(.text)
    ETH_IRQHandler                           0x08004543   Thumb Code     0  startup_stm32f4xx.o(.text)
    ETH_WKUP_IRQHandler                      0x08004543   Thumb Code     0  startup_stm32f4xx.o(.text)
    EXTI0_IRQHandler                         0x08004543   Thumb Code     0  startup_stm32f4xx.o(.text)
    EXTI15_10_IRQHandler                     0x08004543   Thumb Code     0  startup_stm32f4xx.o(.text)
    EXTI1_IRQHandler                         0x08004543   Thumb Code     0  startup_stm32f4xx.o(.text)
    EXTI2_IRQHandler                         0x08004543   Thumb Code     0  startup_stm32f4xx.o(.text)
    EXTI3_IRQHandler                         0x08004543   Thumb Code     0  startup_stm32f4xx.o(.text)
    EXTI4_IRQHandler                         0x08004543   Thumb Code     0  startup_stm32f4xx.o(.text)
    FLASH_IRQHandler                         0x08004543   Thumb Code     0  startup_stm32f4xx.o(.text)
    FPU_IRQHandler                           0x08004543   Thumb Code     0  startup_stm32f4xx.o(.text)
    FSMC_IRQHandler                          0x08004543   Thumb Code     0  startup_stm32f4xx.o(.text)
    HASH_RNG_IRQHandler                      0x08004543   Thumb Code     0  startup_stm32f4xx.o(.text)
    I2C1_ER_IRQHandler                       0x08004543   Thumb Code     0  startup_stm32f4xx.o(.text)
    I2C1_EV_IRQHandler                       0x08004543   Thumb Code     0  startup_stm32f4xx.o(.text)
    I2C2_ER_IRQHandler                       0x08004543   Thumb Code     0  startup_stm32f4xx.o(.text)
    I2C2_EV_IRQHandler                       0x08004543   Thumb Code     0  startup_stm32f4xx.o(.text)
    I2C3_ER_IRQHandler                       0x08004543   Thumb Code     0  startup_stm32f4xx.o(.text)
    I2C3_EV_IRQHandler                       0x08004543   Thumb Code     0  startup_stm32f4xx.o(.text)
    OTG_FS_IRQHandler                        0x08004543   Thumb Code     0  startup_stm32f4xx.o(.text)
    OTG_FS_WKUP_IRQHandler                   0x08004543   Thumb Code     0  startup_stm32f4xx.o(.text)
    OTG_HS_EP1_IN_IRQHandler                 0x08004543   Thumb Code     0  startup_stm32f4xx.o(.text)
    OTG_HS_EP1_OUT_IRQHandler                0x08004543   Thumb Code     0  startup_stm32f4xx.o(.text)
    OTG_HS_IRQHandler                        0x08004543   Thumb Code     0  startup_stm32f4xx.o(.text)
    OTG_HS_WKUP_IRQHandler                   0x08004543   Thumb Code     0  startup_stm32f4xx.o(.text)
    PVD_IRQHandler                           0x08004543   Thumb Code     0  startup_stm32f4xx.o(.text)
    RCC_IRQHandler                           0x08004543   Thumb Code     0  startup_stm32f4xx.o(.text)
    RTC_Alarm_IRQHandler                     0x08004543   Thumb Code     0  startup_stm32f4xx.o(.text)
    RTC_WKUP_IRQHandler                      0x08004543   Thumb Code     0  startup_stm32f4xx.o(.text)
    SDIO_IRQHandler                          0x08004543   Thumb Code     0  startup_stm32f4xx.o(.text)
    SPI1_IRQHandler                          0x08004543   Thumb Code     0  startup_stm32f4xx.o(.text)
    SPI2_IRQHandler                          0x08004543   Thumb Code     0  startup_stm32f4xx.o(.text)
    SPI3_IRQHandler                          0x08004543   Thumb Code     0  startup_stm32f4xx.o(.text)
    TAMP_STAMP_IRQHandler                    0x08004543   Thumb Code     0  startup_stm32f4xx.o(.text)
    TIM1_BRK_TIM9_IRQHandler                 0x08004543   Thumb Code     0  startup_stm32f4xx.o(.text)
    TIM1_CC_IRQHandler                       0x08004543   Thumb Code     0  startup_stm32f4xx.o(.text)
    TIM1_TRG_COM_TIM11_IRQHandler            0x08004543   Thumb Code     0  startup_stm32f4xx.o(.text)
    TIM1_UP_TIM10_IRQHandler                 0x08004543   Thumb Code     0  startup_stm32f4xx.o(.text)
    TIM2_IRQHandler                          0x08004543   Thumb Code     0  startup_stm32f4xx.o(.text)
    TIM5_IRQHandler                          0x08004543   Thumb Code     0  startup_stm32f4xx.o(.text)
    TIM6_DAC_IRQHandler                      0x08004543   Thumb Code     0  startup_stm32f4xx.o(.text)
    TIM7_IRQHandler                          0x08004543   Thumb Code     0  startup_stm32f4xx.o(.text)
    TIM8_BRK_TIM12_IRQHandler                0x08004543   Thumb Code     0  startup_stm32f4xx.o(.text)
    TIM8_CC_IRQHandler                       0x08004543   Thumb Code     0  startup_stm32f4xx.o(.text)
    TIM8_TRG_COM_TIM14_IRQHandler            0x08004543   Thumb Code     0  startup_stm32f4xx.o(.text)
    TIM8_UP_TIM13_IRQHandler                 0x08004543   Thumb Code     0  startup_stm32f4xx.o(.text)
    UART4_IRQHandler                         0x08004543   Thumb Code     0  startup_stm32f4xx.o(.text)
    UART5_IRQHandler                         0x08004543   Thumb Code     0  startup_stm32f4xx.o(.text)
    USART2_IRQHandler                        0x08004543   Thumb Code     0  startup_stm32f4xx.o(.text)
    USART3_IRQHandler                        0x08004543   Thumb Code     0  startup_stm32f4xx.o(.text)
    USART6_IRQHandler                        0x08004543   Thumb Code     0  startup_stm32f4xx.o(.text)
    WWDG_IRQHandler                          0x08004543   Thumb Code     0  startup_stm32f4xx.o(.text)
    FSMC_NORSRAMDeInit                       0x0800454d   Thumb Code    54  stm32f4xx_fsmc.o(.text)
    FSMC_NORSRAMInit                         0x08004583   Thumb Code   230  stm32f4xx_fsmc.o(.text)
    FSMC_NORSRAMStructInit                   0x08004669   Thumb Code   114  stm32f4xx_fsmc.o(.text)
    FSMC_NORSRAMCmd                          0x080046db   Thumb Code    46  stm32f4xx_fsmc.o(.text)
    FSMC_NANDDeInit                          0x08004709   Thumb Code    62  stm32f4xx_fsmc.o(.text)
    FSMC_NANDInit                            0x08004747   Thumb Code   132  stm32f4xx_fsmc.o(.text)
    FSMC_NANDStructInit                      0x080047cb   Thumb Code    54  stm32f4xx_fsmc.o(.text)
    FSMC_NANDCmd                             0x08004801   Thumb Code    86  stm32f4xx_fsmc.o(.text)
    FSMC_NANDECCCmd                          0x08004857   Thumb Code    86  stm32f4xx_fsmc.o(.text)
    FSMC_GetECC                              0x080048ad   Thumb Code    24  stm32f4xx_fsmc.o(.text)
    FSMC_PCCARDDeInit                        0x080048c5   Thumb Code    36  stm32f4xx_fsmc.o(.text)
    FSMC_PCCARDInit                          0x080048e9   Thumb Code   130  stm32f4xx_fsmc.o(.text)
    FSMC_PCCARDStructInit                    0x0800496b   Thumb Code    60  stm32f4xx_fsmc.o(.text)
    FSMC_PCCARDCmd                           0x080049a7   Thumb Code    44  stm32f4xx_fsmc.o(.text)
    FSMC_ITConfig                            0x080049d3   Thumb Code   128  stm32f4xx_fsmc.o(.text)
    FSMC_GetFlagStatus                       0x08004a53   Thumb Code    54  stm32f4xx_fsmc.o(.text)
    FSMC_ClearFlag                           0x08004a89   Thumb Code    62  stm32f4xx_fsmc.o(.text)
    FSMC_GetITStatus                         0x08004ac7   Thumb Code    72  stm32f4xx_fsmc.o(.text)
    FSMC_ClearITPendingBit                   0x08004b0f   Thumb Code    66  stm32f4xx_fsmc.o(.text)
    SYSCFG_DeInit                            0x08004b55   Thumb Code    22  stm32f4xx_syscfg.o(.text)
    SYSCFG_MemoryRemapConfig                 0x08004b6b   Thumb Code     6  stm32f4xx_syscfg.o(.text)
    SYSCFG_EXTILineConfig                    0x08004b71   Thumb Code    66  stm32f4xx_syscfg.o(.text)
    SYSCFG_ETH_MediaInterfaceConfig          0x08004bb3   Thumb Code     6  stm32f4xx_syscfg.o(.text)
    SYSCFG_CompensationCellCmd               0x08004bb9   Thumb Code     6  stm32f4xx_syscfg.o(.text)
    SYSCFG_GetCompensationCellStatus         0x08004bbf   Thumb Code    22  stm32f4xx_syscfg.o(.text)
    ADC_DeInit                               0x08004be1   Thumb Code    22  stm32f4xx_adc.o(.text)
    ADC_Init                                 0x08004bf7   Thumb Code    74  stm32f4xx_adc.o(.text)
    ADC_StructInit                           0x08004c41   Thumb Code    20  stm32f4xx_adc.o(.text)
    ADC_CommonInit                           0x08004c55   Thumb Code    34  stm32f4xx_adc.o(.text)
    ADC_CommonStructInit                     0x08004c77   Thumb Code    12  stm32f4xx_adc.o(.text)
    ADC_Cmd                                  0x08004c83   Thumb Code    22  stm32f4xx_adc.o(.text)
    ADC_AnalogWatchdogCmd                    0x08004c99   Thumb Code    16  stm32f4xx_adc.o(.text)
    ADC_AnalogWatchdogThresholdsConfig       0x08004ca9   Thumb Code     6  stm32f4xx_adc.o(.text)
    ADC_AnalogWatchdogSingleChannelConfig    0x08004caf   Thumb Code    16  stm32f4xx_adc.o(.text)
    ADC_TempSensorVrefintCmd                 0x08004cbf   Thumb Code    34  stm32f4xx_adc.o(.text)
    ADC_VBATCmd                              0x08004ce1   Thumb Code    34  stm32f4xx_adc.o(.text)
    ADC_RegularChannelConfig                 0x08004d03   Thumb Code   184  stm32f4xx_adc.o(.text)
    ADC_SoftwareStartConv                    0x08004dbb   Thumb Code    10  stm32f4xx_adc.o(.text)
    ADC_GetSoftwareStartConvStatus           0x08004dc5   Thumb Code    20  stm32f4xx_adc.o(.text)
    ADC_EOCOnEachRegularChannelCmd           0x08004dd9   Thumb Code    22  stm32f4xx_adc.o(.text)
    ADC_ContinuousModeCmd                    0x08004def   Thumb Code    22  stm32f4xx_adc.o(.text)
    ADC_DiscModeChannelCountConfig           0x08004e05   Thumb Code    24  stm32f4xx_adc.o(.text)
    ADC_DiscModeCmd                          0x08004e1d   Thumb Code    22  stm32f4xx_adc.o(.text)
    ADC_GetConversionValue                   0x08004e33   Thumb Code     8  stm32f4xx_adc.o(.text)
    ADC_GetMultiModeConversionValue          0x08004e3b   Thumb Code     8  stm32f4xx_adc.o(.text)
    ADC_DMACmd                               0x08004e43   Thumb Code    22  stm32f4xx_adc.o(.text)
    ADC_DMARequestAfterLastTransferCmd       0x08004e59   Thumb Code    22  stm32f4xx_adc.o(.text)
    ADC_MultiModeDMARequestAfterLastTransferCmd 0x08004e6f   Thumb Code    34  stm32f4xx_adc.o(.text)
    ADC_InjectedChannelConfig                0x08004e91   Thumb Code   130  stm32f4xx_adc.o(.text)
    ADC_InjectedSequencerLengthConfig        0x08004f13   Thumb Code    24  stm32f4xx_adc.o(.text)
    ADC_SetInjectedOffset                    0x08004f2b   Thumb Code    20  stm32f4xx_adc.o(.text)
    ADC_ExternalTrigInjectedConvConfig       0x08004f3f   Thumb Code    16  stm32f4xx_adc.o(.text)
    ADC_ExternalTrigInjectedConvEdgeConfig   0x08004f4f   Thumb Code    16  stm32f4xx_adc.o(.text)
    ADC_SoftwareStartInjectedConv            0x08004f5f   Thumb Code    10  stm32f4xx_adc.o(.text)
    ADC_GetSoftwareStartInjectedConvCmdStatus 0x08004f69   Thumb Code    20  stm32f4xx_adc.o(.text)
    ADC_AutoInjectedConvCmd                  0x08004f7d   Thumb Code    22  stm32f4xx_adc.o(.text)
    ADC_InjectedDiscModeCmd                  0x08004f93   Thumb Code    22  stm32f4xx_adc.o(.text)
    ADC_GetInjectedConversionValue           0x08004fa9   Thumb Code    28  stm32f4xx_adc.o(.text)
    ADC_ITConfig                             0x08004fc5   Thumb Code    56  stm32f4xx_adc.o(.text)
    ADC_GetFlagStatus                        0x08004ffd   Thumb Code    18  stm32f4xx_adc.o(.text)
    ADC_ClearFlag                            0x0800500f   Thumb Code     6  stm32f4xx_adc.o(.text)
    ADC_GetITStatus                          0x08005015   Thumb Code    38  stm32f4xx_adc.o(.text)
    ADC_ClearITPendingBit                    0x0800503b   Thumb Code    10  stm32f4xx_adc.o(.text)
    EXTI_DeInit                              0x08005045   Thumb Code    28  stm32f4xx_exti.o(.text)
    EXTI_Init                                0x08005061   Thumb Code   142  stm32f4xx_exti.o(.text)
    EXTI_StructInit                          0x080050ef   Thumb Code    16  stm32f4xx_exti.o(.text)
    EXTI_GenerateSWInterrupt                 0x080050ff   Thumb Code    16  stm32f4xx_exti.o(.text)
    EXTI_GetFlagStatus                       0x0800510f   Thumb Code    22  stm32f4xx_exti.o(.text)
    EXTI_ClearFlag                           0x08005125   Thumb Code     8  stm32f4xx_exti.o(.text)
    EXTI_GetITStatus                         0x0800512d   Thumb Code    34  stm32f4xx_exti.o(.text)
    EXTI_ClearITPendingBit                   0x0800514f   Thumb Code     8  stm32f4xx_exti.o(.text)
    __aeabi_uldivmod                         0x08005161   Thumb Code    98  uldiv.o(.text)
    __aeabi_llsr                             0x080051c3   Thumb Code    32  llushr.o(.text)
    _ll_ushift_r                             0x080051c3   Thumb Code     0  llushr.o(.text)
    __scatterload                            0x080051e5   Thumb Code    28  init.o(.text)
    __scatterload_rt2                        0x080051e5   Thumb Code     0  init.o(.text)
    __aeabi_llsl                             0x08005209   Thumb Code    30  llshl.o(.text)
    _ll_shift_l                              0x08005209   Thumb Code     0  llshl.o(.text)
    __0printf$5                              0x08005229   Thumb Code    22  printf5.o(i.__0printf$5)
    __1printf$5                              0x08005229   Thumb Code     0  printf5.o(i.__0printf$5)
    __2printf                                0x08005229   Thumb Code     0  printf5.o(i.__0printf$5)
    __scatterload_copy                       0x08005249   Thumb Code    14  handlers.o(i.__scatterload_copy)
    __scatterload_null                       0x08005257   Thumb Code     2  handlers.o(i.__scatterload_null)
    __scatterload_zeroinit                   0x08005259   Thumb Code    14  handlers.o(i.__scatterload_zeroinit)
    hz_1616                                  0x08005524   Data         192  lcd_9341.o(.constdata)
    hz_3232                                  0x080055e4   Data         768  lcd_9341.o(.constdata)
    asc2_1206                                0x080058e4   Data        1140  lcd_9341.o(.constdata)
    asc2_1608                                0x08005d58   Data        1520  lcd_9341.o(.constdata)
    asc2_2412                                0x08006348   Data        3420  lcd_9341.o(.constdata)
    Region$$Table$$Base                      0x080070a4   Number         0  anon$$obj.o(Region$$Table)
    Region$$Table$$Limit                     0x080070c4   Number         0  anon$$obj.o(Region$$Table)
    key                                      0x20000000   Data           1  main.o(.data)
    task                                     0x20000001   Data           1  main.o(.data)
    TIM3_Cnt                                 0x20000004   Data           4  led.o(.data)
    LED_State                                0x20000008   Data           1  led.o(.data)
    __stdout                                 0x2000000c   Data           4  usart.o(.data)
    POINT_COLOR                              0x20000010   Data           2  lcd_9341.o(.data)
    BACK_COLOR                               0x20000012   Data           2  lcd_9341.o(.data)
    state                                    0x20000018   Data           1  tim4_sys.o(.data)
    safe_state1                              0x20000019   Data           1  tim4_sys.o(.data)
    En1_Count_Speed                          0x2000001c   Data           4  tim4_sys.o(.data)
    En2_Count_Speed                          0x20000020   Data           4  tim4_sys.o(.data)
    i_middle                                 0x20000024   Data           4  ccd_init.o(.data)
    i_middle_last                            0x20000028   Data           4  ccd_init.o(.data)
    i_middle_v                               0x2000002c   Data           4  ccd_init.o(.data)
    i1                                       0x20000030   Data           1  ccd_init.o(.data)
    i2                                       0x20000031   Data           1  ccd_init.o(.data)
    i3                                       0x20000032   Data           1  ccd_init.o(.data)
    state_ccd                                0x20000033   Data           1  ccd_init.o(.data)
    safe_state                               0x20000034   Data           1  ccd_init.o(.data)
    temp                                     0x20000035   Data           1  ccd_init.o(.data)
    Motor1                                   0x20000038   Data           2  control.o(.data)
    Motor2                                   0x2000003a   Data           2  control.o(.data)
    i_tar                                    0x2000003c   Data           4  control.o(.data)
    En_Count_Speed                           0x20000040   Data           4  control.o(.data)
    En1_Count                                0x20000064   Data           4  encode.o(.data)
    En2_Count                                0x20000068   Data           4  encode.o(.data)
    SystemCoreClock                          0x2000007c   Data           4  system_stm32f4xx.o(.data)
    AHBPrescTable                            0x20000080   Data          16  system_stm32f4xx.o(.data)
    lcddev                                   0x20000090   Data          14  lcd_9341.o(.bss)
    data                                     0x2000009e   Data         128  ccd_init.o(.bss)
    data_last                                0x2000011e   Data         128  ccd_init.o(.bss)
    PID_CCD                                  0x200001a0   Data          32  control.o(.bss)
    PID_ENCODE                               0x200001c0   Data          32  control.o(.bss)
    __initial_sp                             0x200005e0   Data           0  startup_stm32f4xx.o(STACK)



==============================================================================

Memory Map of the image

  Image Entry point : 0x08000189

  Load Region LR_IROM1 (Base: 0x08000000, Size: 0x00007154, Max: 0x00080000, ABSOLUTE)

    Execution Region ER_IROM1 (Base: 0x08000000, Size: 0x000070c4, Max: 0x00080000, ABSOLUTE)

    Base Addr    Size         Type   Attr      Idx    E Section Name        Object

    0x08000000   0x00000188   Data   RO          673    RESET               startup_stm32f4xx.o
    0x08000188   0x00000000   Code   RO          770  * .ARM.Collect$$$$00000000  mc_w.l(entry.o)
    0x08000188   0x00000004   Code   RO         1046    .ARM.Collect$$$$00000001  mc_w.l(entry2.o)
    0x0800018c   0x00000004   Code   RO         1049    .ARM.Collect$$$$00000004  mc_w.l(entry5.o)
    0x08000190   0x00000000   Code   RO         1051    .ARM.Collect$$$$00000008  mc_w.l(entry7b.o)
    0x08000190   0x00000000   Code   RO         1053    .ARM.Collect$$$$0000000A  mc_w.l(entry8b.o)
    0x08000190   0x00000008   Code   RO         1054    .ARM.Collect$$$$0000000B  mc_w.l(entry9a.o)
    0x08000198   0x00000000   Code   RO         1056    .ARM.Collect$$$$0000000D  mc_w.l(entry10a.o)
    0x08000198   0x00000000   Code   RO         1058    .ARM.Collect$$$$0000000F  mc_w.l(entry11a.o)
    0x08000198   0x00000004   Code   RO         1047    .ARM.Collect$$$$00002712  mc_w.l(entry2.o)
    0x0800019c   0x00000080   Code   RO            3    .text               main.o
    0x0800021c   0x00000020   Code   RO          134    .text               stm32f4xx_it.o
    0x0800023c   0x0000006c   Code   RO          243    .text               delay.o
    0x080002a8   0x000001e0   Code   RO          266    .text               led.o
    0x08000488   0x0000006c   Code   RO          293    .text               key.o
    0x080004f4   0x00000108   Code   RO          316    .text               usart.o
    0x080005fc   0x00001834   Code   RO          346    .text               lcd_9341.o
    0x08001e30   0x00000124   Code   RO          380    .text               tim4_sys.o
    0x08001f54   0x000002f8   Code   RO          406    .text               ccd_init.o
    0x0800224c   0x00000110   Code   RO          436    .text               pwm_out.o
    0x0800235c   0x000004a4   Code   RO          460    .text               control.o
    0x08002800   0x00000194   Code   RO          516    .text               encode.o
    0x08002994   0x000000e0   Code   RO          545    .text               misc.o
    0x08002a74   0x0000025c   Code   RO          565    .text               stm32f4xx_gpio.o
    0x08002cd0   0x00000588   Code   RO          585    .text               stm32f4xx_rcc.o
    0x08003258   0x00000ca2   Code   RO          607    .text               stm32f4xx_tim.o
    0x08003efa   0x00000002   PAD
    0x08003efc   0x0000041a   Code   RO          627    .text               stm32f4xx_usart.o
    0x08004316   0x00000002   PAD
    0x08004318   0x00000210   Code   RO          647    .text               system_stm32f4xx.o
    0x08004528   0x00000024   Code   RO          674    .text               startup_stm32f4xx.o
    0x0800454c   0x00000608   Code   RO          680    .text               stm32f4xx_fsmc.o
    0x08004b54   0x0000008c   Code   RO          700    .text               stm32f4xx_syscfg.o
    0x08004be0   0x00000464   Code   RO          720    .text               stm32f4xx_adc.o
    0x08005044   0x0000011c   Code   RO          740    .text               stm32f4xx_exti.o
    0x08005160   0x00000062   Code   RO         1062    .text               mc_w.l(uldiv.o)
    0x080051c2   0x00000020   Code   RO         1064    .text               mc_w.l(llushr.o)
    0x080051e2   0x00000002   PAD
    0x080051e4   0x00000024   Code   RO         1084    .text               mc_w.l(init.o)
    0x08005208   0x0000001e   Code   RO         1086    .text               mc_w.l(llshl.o)
    0x08005226   0x00000002   PAD
    0x08005228   0x00000020   Code   RO          906    i.__0printf$5       mc_w.l(printf5.o)
    0x08005248   0x0000000e   Code   RO         1092    i.__scatterload_copy  mc_w.l(handlers.o)
    0x08005256   0x00000002   Code   RO         1093    i.__scatterload_null  mc_w.l(handlers.o)
    0x08005258   0x0000000e   Code   RO         1094    i.__scatterload_zeroinit  mc_w.l(handlers.o)
    0x08005266   0x00000002   PAD
    0x08005268   0x000002bc   Code   RO          913    i._printf_core      mc_w.l(printf5.o)
    0x08005524   0x00001b80   Data   RO          348    .constdata          lcd_9341.o
    0x080070a4   0x00000020   Data   RO         1090    Region$$Table       anon$$obj.o


    Execution Region RW_IRAM1 (Base: 0x20000000, Size: 0x000005e0, Max: 0x00020000, ABSOLUTE)

    Base Addr    Size         Type   Attr      Idx    E Section Name        Object

    0x20000000   0x00000002   Data   RW            4    .data               main.o
    0x20000002   0x00000002   PAD
    0x20000004   0x00000005   Data   RW          267    .data               led.o
    0x20000009   0x00000003   PAD
    0x2000000c   0x00000004   Data   RW          317    .data               usart.o
    0x20000010   0x00000004   Data   RW          349    .data               lcd_9341.o
    0x20000014   0x00000010   Data   RW          381    .data               tim4_sys.o
    0x20000024   0x00000013   Data   RW          408    .data               ccd_init.o
    0x20000037   0x00000001   PAD
    0x20000038   0x0000002c   Data   RW          462    .data               control.o
    0x20000064   0x00000008   Data   RW          517    .data               encode.o
    0x2000006c   0x00000010   Data   RW          586    .data               stm32f4xx_rcc.o
    0x2000007c   0x00000014   Data   RW          648    .data               system_stm32f4xx.o
    0x20000090   0x0000000e   Zero   RW          347    .bss                lcd_9341.o
    0x2000009e   0x00000100   Zero   RW          407    .bss                ccd_init.o
    0x2000019e   0x00000002   PAD
    0x200001a0   0x00000040   Zero   RW          461    .bss                control.o
    0x200001e0   0x00000400   Zero   RW          671    STACK               startup_stm32f4xx.o


==============================================================================

Image component sizes


      Code (inc. data)   RO Data    RW Data    ZI Data      Debug   Object Name

       760         64          0         19        256       3382   ccd_init.o
      1188        110          0         44         64       2017   control.o
       108          0          0          0          0        720   delay.o
       404         14          0          8          0       1374   encode.o
       108          4          0          0          0        728   key.o
      6196        188       7040          4         14      24264   lcd_9341.o
       480         18          0          5          0       1681   led.o
       128         14          0          2          0     242674   main.o
       224         20          0          0          0       1877   misc.o
       272          6          0          0          0       2022   pwm_out.o
        36          8        392          0       1024        832   startup_stm32f4xx.o
      1124         24          0          0          0      10550   stm32f4xx_adc.o
       284         10          0          0          0       2355   stm32f4xx_exti.o
      1544         14          0          0          0       5467   stm32f4xx_fsmc.o
       604         36          0          0          0       4125   stm32f4xx_gpio.o
        32          0          0          0          0     271538   stm32f4xx_it.o
      1416         48          0         16          0      11035   stm32f4xx_rcc.o
       140         12          0          0          0       1707   stm32f4xx_syscfg.o
      3234         60          0          0          0      22356   stm32f4xx_tim.o
      1050         26          0          0          0       7828   stm32f4xx_usart.o
       528         46          0         20          0       1935   system_stm32f4xx.o
       292         36          0         16          0       1608   tim4_sys.o
       264         14          0          4          0       2990   usart.o

    ----------------------------------------------------------------------
     20420        772       7464        144       1360     625065   Object Totals
         0          0         32          0          0          0   (incl. Generated)
         4          0          0          6          2          0   (incl. Padding)

    ----------------------------------------------------------------------

      Code (inc. data)   RO Data    RW Data    ZI Data      Debug   Library Member Name

         0          0          0          0          0          0   entry.o
         0          0          0          0          0          0   entry10a.o
         0          0          0          0          0          0   entry11a.o
         8          4          0          0          0          0   entry2.o
         4          0          0          0          0          0   entry5.o
         0          0          0          0          0          0   entry7b.o
         0          0          0          0          0          0   entry8b.o
         8          4          0          0          0          0   entry9a.o
        30          0          0          0          0          0   handlers.o
        36          8          0          0          0         68   init.o
        30          0          0          0          0         68   llshl.o
        32          0          0          0          0         68   llushr.o
       732         56          0          0          0        184   printf5.o
        98          0          0          0          0         92   uldiv.o

    ----------------------------------------------------------------------
       984         72          0          0          0        480   Library Totals
         6          0          0          0          0          0   (incl. Padding)

    ----------------------------------------------------------------------

      Code (inc. data)   RO Data    RW Data    ZI Data      Debug   Library Name

       978         72          0          0          0        480   mc_w.l

    ----------------------------------------------------------------------
       984         72          0          0          0        480   Library Totals

    ----------------------------------------------------------------------

==============================================================================


      Code (inc. data)   RO Data    RW Data    ZI Data      Debug   

     21404        844       7464        144       1360     620793   Grand Totals
     21404        844       7464        144       1360     620793   ELF Image Totals
     21404        844       7464        144          0          0   ROM Totals

==============================================================================

    Total RO  Size (Code + RO Data)                28868 (  28.19kB)
    Total RW  Size (RW Data + ZI Data)              1504 (   1.47kB)
    Total ROM Size (Code + RO Data + RW Data)      29012 (  28.33kB)

==============================================================================

