<html>
<body>
<pre>
<h1>µVision Build Log</h1>
<h2>Project:</h2>
E:\STM32F4\Template\STM32F4\Project\STM32F4_XWH.uvproj
Project File Date:  06/24/2015

<h2>Output:</h2>
Build target 'STM32F4'
compiling main.c...
compiling stm32f4xx_it.c...
assembling startup_stm32f4xx.s...
compiling system_stm32f4xx.c...
compiling stm32f4xx_syscfg.c...
compiling stm32f4xx_rcc.c...
compiling stm32f4xx_tim.c...
compiling stm32f4xx_usart.c...
compiling stm32f4xx_gpio.c...
linking...
Program Size: Code=904 RO-data=424 RW-data=20 ZI-data=1636  
".\Objects\STM32F4_XWH.axf" - 0 Error(s), 0 Warning(s).
</pre>
</body>
</html>
 0 warnings, 1 error
compiling stm32f4xx_syscfg.c...
..\Libraries\stm32f4xx.h(6968): error:  #5: cannot open source input file "stm32f4xx_conf.h": No such file or directory
    #include "stm32f4xx_conf.h"
..\Libraries\stm32f4xx_syscfg.c: 0 warnings, 1 error
compiling stm32f4xx_rcc.c...
..\Libraries\stm32f4xx.h(6968): error:  #5: cannot open source input file "stm32f4xx_conf.h": No such file or directory
    #include "stm32f4xx_conf.h"
..\Libraries\stm32f4xx_rcc.c: 0 warnings, 1 error
compiling stm32f4xx_tim.c...
..\Libraries\stm32f4xx.h(6968): error:  #5: cannot open source input file "stm32f4xx_conf.h": No such file or directory
    #include "stm32f4xx_conf.h"
..\Libraries\stm32f4xx_tim.c: 0 warnings, 1 error
compiling stm32f4xx_usart.c...
..\Libraries\stm32f4xx.h(6968): error:  #5: cannot open source input file "stm32f4xx_conf.h": No such file or directory
    #include "stm32f4xx_conf.h"
..\Libraries\stm32f4xx_usart.c: 0 warnings, 1 error
compiling stm32f4xx_gpio.c...
..\Libraries\stm32f4xx.h(6968): error:  #5: cannot open source input file "stm32f4xx_conf.h": No such file or directory
    #include "stm32f4xx_conf.h"
..\Libraries\stm32f4xx_gpio.c: 0 warnings, 1 error
".\STM32F4_XWH.axf" - 7 Error(s), 0 Warning(s).
Target not created
